Archive member included to satisfy reference by file (symbol)

/Users/lamparina/.pico-sdk/toolchain/13_3_Rel1/bin/../lib/gcc/arm-none-eabi/13.3.1/thumb/v6-m/nofp/libgcc.a(_dvmd_tls.o)
                              CMakeFiles/Teste_Voltimetro.dir/Users/lamparina/.pico-sdk/sdk/2.1.0/src/rp2_common/pico_divider/divider_hardware.S.o (__aeabi_idiv0)
/Users/lamparina/.pico-sdk/toolchain/13_3_Rel1/bin/../lib/gcc/arm-none-eabi/13.3.1/../../../../arm-none-eabi/lib/thumb/v6-m/nofp/libg.a(libc_a-calloc.o)
                              CMakeFiles/Teste_Voltimetro.dir/Users/lamparina/.pico-sdk/sdk/2.1.0/src/rp2_common/pico_malloc/malloc.c.o (calloc)
/Users/lamparina/.pico-sdk/toolchain/13_3_Rel1/bin/../lib/gcc/arm-none-eabi/13.3.1/../../../../arm-none-eabi/lib/thumb/v6-m/nofp/libg.a(libc_a-callocr.o)
                              /Users/lamparina/.pico-sdk/toolchain/13_3_Rel1/bin/../lib/gcc/arm-none-eabi/13.3.1/../../../../arm-none-eabi/lib/thumb/v6-m/nofp/libg.a(libc_a-calloc.o) (_calloc_r)
/Users/lamparina/.pico-sdk/toolchain/13_3_Rel1/bin/../lib/gcc/arm-none-eabi/13.3.1/../../../../arm-none-eabi/lib/thumb/v6-m/nofp/libg.a(libc_a-malloc.o)
                              CMakeFiles/Teste_Voltimetro.dir/Users/lamparina/.pico-sdk/sdk/2.1.0/src/rp2_common/pico_malloc/malloc.c.o (malloc)
/Users/lamparina/.pico-sdk/toolchain/13_3_Rel1/bin/../lib/gcc/arm-none-eabi/13.3.1/../../../../arm-none-eabi/lib/thumb/v6-m/nofp/libg.a(libc_a-mallocr.o)
                              /Users/lamparina/.pico-sdk/toolchain/13_3_Rel1/bin/../lib/gcc/arm-none-eabi/13.3.1/../../../../arm-none-eabi/lib/thumb/v6-m/nofp/libg.a(libc_a-callocr.o) (_malloc_r)
/Users/lamparina/.pico-sdk/toolchain/13_3_Rel1/bin/../lib/gcc/arm-none-eabi/13.3.1/../../../../arm-none-eabi/lib/thumb/v6-m/nofp/libg.a(libc_a-mlock.o)
                              /Users/lamparina/.pico-sdk/toolchain/13_3_Rel1/bin/../lib/gcc/arm-none-eabi/13.3.1/../../../../arm-none-eabi/lib/thumb/v6-m/nofp/libg.a(libc_a-mallocr.o) (__malloc_lock)
/Users/lamparina/.pico-sdk/toolchain/13_3_Rel1/bin/../lib/gcc/arm-none-eabi/13.3.1/../../../../arm-none-eabi/lib/thumb/v6-m/nofp/libg.a(libc_a-realloc.o)
                              CMakeFiles/Teste_Voltimetro.dir/Users/lamparina/.pico-sdk/sdk/2.1.0/src/rp2_common/pico_malloc/malloc.c.o (realloc)
/Users/lamparina/.pico-sdk/toolchain/13_3_Rel1/bin/../lib/gcc/arm-none-eabi/13.3.1/../../../../arm-none-eabi/lib/thumb/v6-m/nofp/libg.a(libc_a-reallocr.o)
                              /Users/lamparina/.pico-sdk/toolchain/13_3_Rel1/bin/../lib/gcc/arm-none-eabi/13.3.1/../../../../arm-none-eabi/lib/thumb/v6-m/nofp/libg.a(libc_a-realloc.o) (_realloc_r)
/Users/lamparina/.pico-sdk/toolchain/13_3_Rel1/bin/../lib/gcc/arm-none-eabi/13.3.1/../../../../arm-none-eabi/lib/thumb/v6-m/nofp/libg.a(libc_a-memcmp.o)
                              CMakeFiles/Teste_Voltimetro.dir/Users/lamparina/.pico-sdk/sdk/2.1.0/src/rp2_common/pico_atomic/atomic.c.o (memcmp)
/Users/lamparina/.pico-sdk/toolchain/13_3_Rel1/bin/../lib/gcc/arm-none-eabi/13.3.1/../../../../arm-none-eabi/lib/thumb/v6-m/nofp/libg.a(libc_a-memmove.o)
                              /Users/lamparina/.pico-sdk/toolchain/13_3_Rel1/bin/../lib/gcc/arm-none-eabi/13.3.1/../../../../arm-none-eabi/lib/thumb/v6-m/nofp/libg.a(libc_a-reallocr.o) (memmove)
/Users/lamparina/.pico-sdk/toolchain/13_3_Rel1/bin/../lib/gcc/arm-none-eabi/13.3.1/../../../../arm-none-eabi/lib/thumb/v6-m/nofp/libg.a(libc_a-lcltime_r.o)
                              CMakeFiles/Teste_Voltimetro.dir/Users/lamparina/.pico-sdk/sdk/2.1.0/src/common/pico_util/datetime.c.o (localtime_r)
/Users/lamparina/.pico-sdk/toolchain/13_3_Rel1/bin/../lib/gcc/arm-none-eabi/13.3.1/../../../../arm-none-eabi/lib/thumb/v6-m/nofp/libg.a(libc_a-mktime.o)
                              CMakeFiles/Teste_Voltimetro.dir/Users/lamparina/.pico-sdk/sdk/2.1.0/src/common/pico_util/datetime.c.o (mktime)
/Users/lamparina/.pico-sdk/toolchain/13_3_Rel1/bin/../lib/gcc/arm-none-eabi/13.3.1/../../../../arm-none-eabi/lib/thumb/v6-m/nofp/libg.a(libc_a-month_lengths.o)
                              /Users/lamparina/.pico-sdk/toolchain/13_3_Rel1/bin/../lib/gcc/arm-none-eabi/13.3.1/../../../../arm-none-eabi/lib/thumb/v6-m/nofp/libg.a(libc_a-lcltime_r.o) (__month_lengths)
/Users/lamparina/.pico-sdk/toolchain/13_3_Rel1/bin/../lib/gcc/arm-none-eabi/13.3.1/../../../../arm-none-eabi/lib/thumb/v6-m/nofp/libg.a(libc_a-tzcalc_limits.o)
                              /Users/lamparina/.pico-sdk/toolchain/13_3_Rel1/bin/../lib/gcc/arm-none-eabi/13.3.1/../../../../arm-none-eabi/lib/thumb/v6-m/nofp/libg.a(libc_a-lcltime_r.o) (__tzcalc_limits)
/Users/lamparina/.pico-sdk/toolchain/13_3_Rel1/bin/../lib/gcc/arm-none-eabi/13.3.1/../../../../arm-none-eabi/lib/thumb/v6-m/nofp/libg.a(libc_a-tzlock.o)
                              /Users/lamparina/.pico-sdk/toolchain/13_3_Rel1/bin/../lib/gcc/arm-none-eabi/13.3.1/../../../../arm-none-eabi/lib/thumb/v6-m/nofp/libg.a(libc_a-lcltime_r.o) (__tz_lock)
[...]
Memory Configuration

Name             Origin             Length             Attributes
FLASH            0x10000000         0x00200000         xr
RAM              0x20000000         0x00040000         xrw
SCRATCH_X        0x20040000         0x00001000         xrw
SCRATCH_Y        0x20041000         0x00001000         xrw
*default*        0x00000000         0xffffffff

Linker script and memory map

LOAD /Users/lamparina/.pico-sdk/toolchain/13_3_Rel1/bin/../lib/gcc/arm-none-eabi/13.3.1/thumb/v6-m/nofp/crti.o
LOAD /Users/lamparina/.pico-sdk/toolchain/13_3_Rel1/bin/../lib/gcc/arm-none-eabi/13.3.1/thumb/v6-m/nofp/crtbegin.o
LOAD /Users/lamparina/.pico-sdk/toolchain/13_3_Rel1/bin/../lib/gcc/arm-none-eabi/13.3.1/../../../../arm-none-eabi/lib/thumb/v6-m/nofp/crt0.o

.flash_begin    0x10000000        0x0
                0x10000000                        __flash_binary_start = .

.boot2          0x10000000      0x100
                0x10000000                        __boot2_start__ = .
 *(.boot2)
 .boot2         0x10000000      0x100 pico-sdk/src/rp2040/boot_stage2/CMakeFiles/bs2_default_library.dir/./bs2_default_padded_checksummed.S.o
                0x10000100                        __boot2_end__ = .
                0x00000001                        ASSERT (((__boot2_end__ - __boot2_start__) == 0x100), ERROR: Pico second stage bootloader must be 256 bytes in size)

.text           0x10000100     0x576c
                0x10000100                        __logical_binary_start = .
 *(.vectors)
 .vectors       0x10000100       0xd4 CMakeFiles/Teste_Voltimetro.dir/Users/lamparina/.pico-sdk/sdk/2.1.0/src/rp2_common/pico_crt0/crt0.S.o
                0x10000100                __VECTOR_TABLE
                0x10000100                __vectors
                0x100001c0                __default_isrs_start
                0x100001c0                isr_invalid
                0x100001c2                isr_nmi
                0x100001c4                isr_hardfault
                0x100001c6                isr_svcall
                0x100001c8                isr_pendsv
                0x100001ca                isr_systick
                0x100001cc                isr_irq28
                0x100001cc                isr_irq19
                0x100001cc                isr_irq0
                0x100001cc                isr_irq6
                0x100001cc                isr_irq22
                0x100001cc                isr_irq17
                0x100001cc                isr_irq14
                0x100001cc                isr_irq2
                0x100001cc                isr_irq10
                0x100001cc                isr_irq8
                0x100001cc                isr_irq24
                0x100001cc                isr_irq1
                0x100001cc                isr_irq7
                0x100001cc                isr_irq21
                0x100001cc                isr_irq20
                0x100001cc                isr_irq15
                0x100001cc                isr_irq25
                0x100001cc                isr_irq4
                0x100001cc                isr_irq16
                0x100001cc                isr_irq29
                0x100001cc                isr_irq26
                0x100001cc                __default_isrs_end
                0x100001cc                isr_irq3
                0x100001cc                isr_irq9
                0x100001cc                __unhandled_user_irq
                0x100001cc                isr_irq13
                0x100001cc                isr_irq27
                0x100001cc                isr_irq31
                0x100001cc                isr_irq5
                0x100001cc                isr_irq11
                0x100001cc                isr_irq23
                0x100001cc                isr_irq18
                0x100001cc                isr_irq30
                0x100001cc                isr_irq12
                0x100001d2                unhandled_user_irq_num_in_r0
 *(.binary_info_header)
 .binary_info_header
                0x100001d4       0x14 CMakeFiles/Teste_Voltimetro.dir/Users/lamparina/.pico-sdk/sdk/2.1.0/src/rp2_common/pico_crt0/crt0.S.o
                0x100001e8                        __binary_info_header_end = .
 *(.embedded_block)
                0x100001e8                        __embedded_block_end = .
 *(.reset)
 .reset         0x100001e8       0x9c CMakeFiles/Teste_Voltimetro.dir/Users/lamparina/.pico-sdk/sdk/2.1.0/src/rp2_common/pico_crt0/crt0.S.o
                0x100001e8                _entry_point
 *(.init)
 .init          0x10000284        0x4 /Users/lamparina/.pico-sdk/toolchain/13_3_Rel1/bin/../lib/gcc/arm-none-eabi/13.3.1/thumb/v6-m/nofp/crti.o
                0x10000284                _init
 *(EXCLUDE_FILE(*libm.a: *libc.a:*lib_a-mem*.o *libgcc.a:) .text*)
 .text.register_tm_clones
                0x10000288       0x28 /Users/lamparina/.pico-sdk/toolchain/13_3_Rel1/bin/../lib/gcc/arm-none-eabi/13.3.1/thumb/v6-m/nofp/crtbegin.o
 .text.frame_dummy
                0x100002b0       0x24 /Users/lamparina/.pico-sdk/toolchain/13_3_Rel1/bin/../lib/gcc/arm-none-eabi/13.3.1/thumb/v6-m/nofp/crtbegin.o
 .text.gpio_irq_handler
                0x100002d4        0xc CMakeFiles/Teste_Voltimetro.dir/Ohmimetro01.c.o
                0x100002d4                gpio_irq_handler
 .text.obter_cores_resistor
                0x100002e0       0xbc CMakeFiles/Teste_Voltimetro.dir/Ohmimetro01.c.o
                0x100002e0                obter_cores_resistor
 .text.startup.main
                0x1000039c      0x3d4 CMakeFiles/Teste_Voltimetro.dir/Ohmimetro01.c.o
                0x1000039c                main
 .text.ssd1306_init
                0x10000770       0x34 CMakeFiles/Teste_Voltimetro.dir/lib/ssd1306.c.o
                0x10000770                ssd1306_init
 .text.ssd1306_config
                0x100007a4      0x1d0 CMakeFiles/Teste_Voltimetro.dir/lib/ssd1306.c.o
                0x100007a4                ssd1306_config
 .text.ssd1306_send_data
                0x10000974       0x8c CMakeFiles/Teste_Voltimetro.dir/lib/ssd1306.c.o
                0x10000974                ssd1306_send_data
 .text.ssd1306_fill
                0x10000a00       0x80 CMakeFiles/Teste_Voltimetro.dir/lib/ssd1306.c.o
                0x10000a00                ssd1306_fill
 .text.ssd1306_rect
                0x10000a80      0x28c CMakeFiles/Teste_Voltimetro.dir/lib/ssd1306.c.o
                0x10000a80                ssd1306_rect
 .text.ssd1306_line
                0x10000d0c      0x158 CMakeFiles/Teste_Voltimetro.dir/lib/ssd1306.c.o
                0x10000d0c                ssd1306_line
 .text.ssd1306_draw_char
                0x10000e64      0x23c CMakeFiles/Teste_Voltimetro.dir/lib/ssd1306.c.o
                0x10000e64                ssd1306_draw_char
 .text.ssd1306_draw_string
                0x100010a0       0x40 CMakeFiles/Teste_Voltimetro.dir/lib/ssd1306.c.o
                0x100010a0                ssd1306_draw_string
 .text.gpio_default_irq_handler
                0x100010e0      0x274 CMakeFiles/Teste_Voltimetro.dir/Users/lamparina/.pico-sdk/sdk/2.1.0/src/rp2_common/hardware_gpio/gpio.c.o
 .text.gpio_set_function
                0x10001354       0x34 CMakeFiles/Teste_Voltimetro.dir/Users/lamparina/.pico-sdk/sdk/2.1.0/src/rp2_common/hardware_gpio/gpio.c.o
                0x10001354                gpio_set_function
 .text.gpio_set_pulls
                0x10001388       0x28 CMakeFiles/Teste_Voltimetro.dir/Users/lamparina/.pico-sdk/sdk/2.1.0/src/rp2_common/hardware_gpio/gpio.c.o
                0x10001388                gpio_set_pulls
 .text.gpio_set_irq_enabled_with_callback
                0x100013b0       0xd0 CMakeFiles/Teste_Voltimetro.dir/Users/lamparina/.pico-sdk/sdk/2.1.0/src/rp2_common/hardware_gpio/gpio.c.o
                0x100013b0                gpio_set_irq_enabled_with_callback
 .text.gpio_set_input_enabled
                0x10001480       0x28 CMakeFiles/Teste_Voltimetro.dir/Users/lamparina/.pico-sdk/sdk/2.1.0/src/rp2_common/hardware_gpio/gpio.c.o
                0x10001480                gpio_set_input_enabled
 .text.gpio_init
                0x100014a8       0x40 CMakeFiles/Teste_Voltimetro.dir/Users/lamparina/.pico-sdk/sdk/2.1.0/src/rp2_common/hardware_gpio/gpio.c.o
                0x100014a8                gpio_init
 .text.panic    0x100014e8       0x30 CMakeFiles/Teste_Voltimetro.dir/Users/lamparina/.pico-sdk/sdk/2.1.0/src/rp2_common/pico_platform_panic/panic.c.o
                0x100014e8                panic
 .text.hw_claim_or_assert
                0x10001518       0x44 CMakeFiles/Teste_Voltimetro.dir/Users/lamparina/.pico-sdk/sdk/2.1.0/src/common/hardware_claim/claim.c.o
                0x10001518                hw_claim_or_assert
 .text.next_striped_spin_lock_num
                0x1000155c       0x18 CMakeFiles/Teste_Voltimetro.dir/Users/lamparina/.pico-sdk/sdk/2.1.0/src/rp2_common/hardware_sync/sync.c.o
                0x1000155c                next_striped_spin_lock_num
 .text.spin_locks_reset
                0x10001574       0x1c CMakeFiles/Teste_Voltimetro.dir/Users/lamparina/.pico-sdk/sdk/2.1.0/src/rp2_common/hardware_sync_spin_lock/sync_spin_lock.c.o
                0x10001574                spin_locks_reset
 .text.runtime_init_per_core_irq_priorities
                0x10001590       0x24 CMakeFiles/Teste_Voltimetro.dir/Users/lamparina/.pico-sdk/sdk/2.1.0/src/rp2_common/hardware_irq/irq.c.o
                0x10001590                runtime_init_per_core_irq_priorities
 .text.irq_set_enabled
                0x100015b4       0x24 CMakeFiles/Teste_Voltimetro.dir/Users/lamparina/.pico-sdk/sdk/2.1.0/src/rp2_common/hardware_irq/irq.c.o
                0x100015b4                irq_set_enabled
 .text.irq_set_exclusive_handler
                0x100015d8       0x54 CMakeFiles/Teste_Voltimetro.dir/Users/lamparina/.pico-sdk/sdk/2.1.0/src/rp2_common/hardware_irq/irq.c.o
                0x100015d8                irq_set_exclusive_handler
 .text.irq_add_shared_handler
                0x1000162c      0x1f4 CMakeFiles/Teste_Voltimetro.dir/Users/lamparina/.pico-sdk/sdk/2.1.0/src/rp2_common/hardware_irq/irq.c.o
                0x1000162c                irq_add_shared_handler
 .text.irq_remove_handler
                0x10001820      0x1d4 CMakeFiles/Teste_Voltimetro.dir/Users/lamparina/.pico-sdk/sdk/2.1.0/src/rp2_common/hardware_irq/irq.c.o
                0x10001820                irq_remove_handler
 .text.irq_add_tail_to_free_list
                0x100019f4       0xb4 CMakeFiles/Teste_Voltimetro.dir/Users/lamparina/.pico-sdk/sdk/2.1.0/src/rp2_common/hardware_irq/irq.c.o
                0x100019f4                irq_add_tail_to_free_list
 .text.lock_init
                0x10001aa8       0x10 CMakeFiles/Teste_Voltimetro.dir/Users/lamparina/.pico-sdk/sdk/2.1.0/src/common/pico_sync/lock_core.c.o
                0x10001aa8                lock_init
 .text.runtime_init_mutex
                0x10001ab8       0x50 CMakeFiles/Teste_Voltimetro.dir/Users/lamparina/.pico-sdk/sdk/2.1.0/src/common/pico_sync/mutex.c.o
                0x10001ab8                runtime_init_mutex
 .text.sleep_until_callback
                0x10001b08       0x30 CMakeFiles/Teste_Voltimetro.dir/Users/lamparina/.pico-sdk/sdk/2.1.0/src/common/pico_time/time.c.o
 .text.alarm_pool_irq_handler
                0x10001b38      0x2fc CMakeFiles/Teste_Voltimetro.dir/Users/lamparina/.pico-sdk/sdk/2.1.0/src/common/pico_time/time.c.o
 .text.runtime_init_default_alarm_pool
                0x10001e34       0xdc CMakeFiles/Teste_Voltimetro.dir/Users/lamparina/.pico-sdk/sdk/2.1.0/src/common/pico_time/time.c.o
                0x10001e34                runtime_init_default_alarm_pool
 .text.alarm_pool_add_alarm_at_force_in_context
                0x10001f10       0xb0 CMakeFiles/Teste_Voltimetro.dir/Users/lamparina/.pico-sdk/sdk/2.1.0/src/common/pico_time/time.c.o
                0x10001f10                alarm_pool_add_alarm_at_force_in_context
 .text.alarm_pool_cancel_alarm
                0x10001fc0       0x74 CMakeFiles/Teste_Voltimetro.dir/Users/lamparina/.pico-sdk/sdk/2.1.0/src/common/pico_time/time.c.o
                0x10001fc0                alarm_pool_cancel_alarm
 .text.sleep_until
                0x10002034       0xd8 CMakeFiles/Teste_Voltimetro.dir/Users/lamparina/.pico-sdk/sdk/2.1.0/src/common/pico_time/time.c.o
                0x10002034                sleep_until
 .text.sleep_ms
                0x1000210c       0x38 CMakeFiles/Teste_Voltimetro.dir/Users/lamparina/.pico-sdk/sdk/2.1.0/src/common/pico_time/time.c.o
                0x1000210c                sleep_ms
 .text.best_effort_wfe_or_timeout
                0x10002144       0xe0 CMakeFiles/Teste_Voltimetro.dir/Users/lamparina/.pico-sdk/sdk/2.1.0/src/common/pico_time/time.c.o
                0x10002144                best_effort_wfe_or_timeout
 .text.timer_hardware_alarm_claim
                0x10002224       0x14 CMakeFiles/Teste_Voltimetro.dir/Users/lamparina/.pico-sdk/sdk/2.1.0/src/rp2_common/hardware_timer/timer.c.o
                0x10002224                timer_hardware_alarm_claim
 .text.timer_time_us_64
                0x10002238       0x10 CMakeFiles/Teste_Voltimetro.dir/Users/lamparina/.pico-sdk/sdk/2.1.0/src/rp2_common/hardware_timer/timer.c.o
                0x10002238                timer_time_us_64
 .text.time_us_64
                0x10002248       0x14 CMakeFiles/Teste_Voltimetro.dir/Users/lamparina/.pico-sdk/sdk/2.1.0/src/rp2_common/hardware_timer/timer.c.o
                0x10002248                time_us_64
 .text.busy_wait_until
                0x1000225c       0x20 CMakeFiles/Teste_Voltimetro.dir/Users/lamparina/.pico-sdk/sdk/2.1.0/src/rp2_common/hardware_timer/timer.c.o
                0x1000225c                busy_wait_until
 .text.clock_configure_int_divider
                0x1000227c       0xf4 CMakeFiles/Teste_Voltimetro.dir/Users/lamparina/.pico-sdk/sdk/2.1.0/src/rp2_common/hardware_clocks/clocks.c.o
                0x1000227c                clock_configure_int_divider
 .text.clock_configure_undivided
                0x10002370       0xe8 CMakeFiles/Teste_Voltimetro.dir/Users/lamparina/.pico-sdk/sdk/2.1.0/src/rp2_common/hardware_clocks/clocks.c.o
                0x10002370                clock_configure_undivided
 .text.clock_get_hz
                0x10002458        0xc CMakeFiles/Teste_Voltimetro.dir/Users/lamparina/.pico-sdk/sdk/2.1.0/src/rp2_common/hardware_clocks/clocks.c.o
                0x10002458                clock_get_hz
 .text.pll_init
                0x10002464       0xa4 CMakeFiles/Teste_Voltimetro.dir/Users/lamparina/.pico-sdk/sdk/2.1.0/src/rp2_common/hardware_pll/pll.c.o
                0x10002464                pll_init
 .text.tick_start
                0x10002508       0x10 CMakeFiles/Teste_Voltimetro.dir/Users/lamparina/.pico-sdk/sdk/2.1.0/src/rp2_common/hardware_ticks/ticks.c.o
                0x10002508                tick_start
 .text.rom_func_lookup
                0x10002518       0x10 CMakeFiles/Teste_Voltimetro.dir/Users/lamparina/.pico-sdk/sdk/2.1.0/src/rp2_common/pico_bootrom/bootrom.c.o
                0x10002518                rom_func_lookup
 .text.rom_data_lookup
                0x10002528       0x10 CMakeFiles/Teste_Voltimetro.dir/Users/lamparina/.pico-sdk/sdk/2.1.0/src/rp2_common/pico_bootrom/bootrom.c.o
                0x10002528                rom_data_lookup
 .text.rom_funcs_lookup
                0x10002538       0x44 CMakeFiles/Teste_Voltimetro.dir/Users/lamparina/.pico-sdk/sdk/2.1.0/src/rp2_common/pico_bootrom/bootrom.c.o
                0x10002538                rom_funcs_lookup
 .text.rom_reset_usb_boot
                0x1000257c       0x20 CMakeFiles/Teste_Voltimetro.dir/Users/lamparina/.pico-sdk/sdk/2.1.0/src/rp2_common/pico_bootrom/bootrom.c.o
                0x1000257c                rom_reset_usb_boot
 .text.xosc_init
                0x1000259c       0x28 CMakeFiles/Teste_Voltimetro.dir/Users/lamparina/.pico-sdk/sdk/2.1.0/src/rp2_common/hardware_xosc/xosc.c.o
                0x1000259c                xosc_init
 .text.first_per_core_initializer
                0x100025c4        0x4 CMakeFiles/Teste_Voltimetro.dir/Users/lamparina/.pico-sdk/sdk/2.1.0/src/rp2_common/pico_runtime/runtime.c.o
 .text.hard_assertion_failure
                0x100025c8        0xc CMakeFiles/Teste_Voltimetro.dir/Users/lamparina/.pico-sdk/sdk/2.1.0/src/rp2_common/pico_runtime/runtime.c.o
                0x100025c8                hard_assertion_failure
 .text.runtime_run_initializers
                0x100025d4       0x28 CMakeFiles/Teste_Voltimetro.dir/Users/lamparina/.pico-sdk/sdk/2.1.0/src/rp2_common/pico_runtime/runtime.c.o
                0x100025d4                runtime_run_initializers
 .text.runtime_init_early_resets
                0x100025fc       0x2c CMakeFiles/Teste_Voltimetro.dir/Users/lamparina/.pico-sdk/sdk/2.1.0/src/rp2_common/pico_runtime_init/runtime_init.c.o
                0x100025fc                runtime_init_early_resets
 .text.runtime_init_usb_power_down
                0x10002628       0x1c CMakeFiles/Teste_Voltimetro.dir/Users/lamparina/.pico-sdk/sdk/2.1.0/src/rp2_common/pico_runtime_init/runtime_init.c.o
                0x10002628                runtime_init_usb_power_down
 .text.runtime_init_post_clock_resets
                0x10002644       0x20 CMakeFiles/Teste_Voltimetro.dir/Users/lamparina/.pico-sdk/sdk/2.1.0/src/rp2_common/pico_runtime_init/runtime_init.c.o
                0x10002644                runtime_init_post_clock_resets
 .text.runtime_init_rp2040_gpio_ie_disable
                0x10002664       0x14 CMakeFiles/Teste_Voltimetro.dir/Users/lamparina/.pico-sdk/sdk/2.1.0/src/rp2_common/pico_runtime_init/runtime_init.c.o
                0x10002664                runtime_init_rp2040_gpio_ie_disable
 .text.runtime_init_spin_locks_reset
                0x10002678        0x8 CMakeFiles/Teste_Voltimetro.dir/Users/lamparina/.pico-sdk/sdk/2.1.0/src/rp2_common/pico_runtime_init/runtime_init.c.o
                0x10002678                runtime_init_spin_locks_reset
 .text.runtime_init_install_ram_vector_table
                0x10002680       0x1c CMakeFiles/Teste_Voltimetro.dir/Users/lamparina/.pico-sdk/sdk/2.1.0/src/rp2_common/pico_runtime_init/runtime_init.c.o
                0x10002680                runtime_init_install_ram_vector_table
 .text.runtime_init_clocks
                0x1000269c       0xd8 CMakeFiles/Teste_Voltimetro.dir/Users/lamparina/.pico-sdk/sdk/2.1.0/src/rp2_common/pico_runtime_init/runtime_init_clocks.c.o
                0x1000269c                runtime_init_clocks
 .text          0x10002774       0x10 CMakeFiles/Teste_Voltimetro.dir/Users/lamparina/.pico-sdk/sdk/2.1.0/src/rp2_common/pico_bit_ops/bit_ops_aeabi.S.o
 .text.__wrap___aeabi_idiv
                0x10002784       0x50 CMakeFiles/Teste_Voltimetro.dir/Users/lamparina/.pico-sdk/sdk/2.1.0/src/rp2_common/pico_divider/divider_hardware.S.o
                0x10002784                __wrap___aeabi_idivmod
                0x10002784                divmod_s32s32
                0x10002784                div_s32s32
                0x10002784                __wrap___aeabi_idiv
                0x1000278c                divmod_s32s32_unsafe
                0x100027b8                divmod_s32s32_savestate
 .text.__wrap___aeabi_uidiv
                0x100027d4       0x4c CMakeFiles/Teste_Voltimetro.dir/Users/lamparina/.pico-sdk/sdk/2.1.0/src/rp2_common/pico_divider/divider_hardware.S.o
                0x100027d4                __wrap___aeabi_uidiv
                0x100027d4                __wrap___aeabi_uidivmod
                0x100027d4                div_u32u32
                0x100027d4                divmod_u32u32
                0x100027dc                divmod_u32u32_unsafe
                0x10002804                divmod_u32u32_savestate
 .text.__wrap___aeabi_ldiv
                0x10002820      0x424 CMakeFiles/Teste_Voltimetro.dir/Users/lamparina/.pico-sdk/sdk/2.1.0/src/rp2_common/pico_divider/divider_hardware.S.o
                0x10002820                __wrap___aeabi_ldivmod
                0x10002820                div_s64s64
                0x10002820                divmod_s64s64
                0x10002850                divmod_u64u64
                0x10002850                div_u64u64
                0x10002850                __wrap___aeabi_uldivmod
                0x10002860                divmod_u64u64_savestate
                0x10002880                divmod_s64s64_unsafe
                0x10002908                divmod_u64u64_unsafe
 .text.__wrap___aeabi_darithmetic
                0x10002c44       0x60 CMakeFiles/Teste_Voltimetro.dir/Users/lamparina/.pico-sdk/sdk/2.1.0/src/rp2_common/pico_double/double_aeabi_rp2040.S.o
                0x10002c44                __wrap___aeabi_drsub
                0x10002c4a                __wrap___aeabi_dsub
                0x10002c54                __wrap___aeabi_dadd
                0x10002c5e                __wrap___aeabi_ddiv
                0x10002c92                __wrap___aeabi_dmul
 .text.__wrap___aeabi_cdcmple
                0x10002ca4       0x6c CMakeFiles/Teste_Voltimetro.dir/Users/lamparina/.pico-sdk/sdk/2.1.0/src/rp2_common/pico_double/double_aeabi_rp2040.S.o
                0x10002ca4                __wrap___aeabi_cdrcmple
                0x10002cb4                __wrap___aeabi_cdcmple
                0x10002cb4                __wrap___aeabi_cdcmpeq
 .text.__wrap___aeabi_dcmplt
                0x10002d10        0xc CMakeFiles/Teste_Voltimetro.dir/Users/lamparina/.pico-sdk/sdk/2.1.0/src/rp2_common/pico_double/double_aeabi_rp2040.S.o
                0x10002d10                __wrap___aeabi_dcmplt
 .text.__wrap___aeabi_dcmpge
                0x10002d1c       0x10 CMakeFiles/Teste_Voltimetro.dir/Users/lamparina/.pico-sdk/sdk/2.1.0/src/rp2_common/pico_double/double_aeabi_rp2040.S.o
                0x10002d1c                __wrap___aeabi_dcmpge
 .text.__wrap___aeabi_dcmpgt
                0x10002d2c        0xa CMakeFiles/Teste_Voltimetro.dir/Users/lamparina/.pico-sdk/sdk/2.1.0/src/rp2_common/pico_double/double_aeabi_rp2040.S.o
                0x10002d2c                __wrap___aeabi_dcmpgt
 .text.__wrap___aeabi_dcmpun
                0x10002d36       0x18 CMakeFiles/Teste_Voltimetro.dir/Users/lamparina/.pico-sdk/sdk/2.1.0/src/rp2_common/pico_double/double_aeabi_rp2040.S.o
                0x10002d36                __wrap___aeabi_dcmpun
 *fill*         0x10002d4e        0x2 
 .text.__wrap___aeabi_i2d
                0x10002d50       0x38 CMakeFiles/Teste_Voltimetro.dir/Users/lamparina/.pico-sdk/sdk/2.1.0/src/rp2_common/pico_double/double_aeabi_rp2040.S.o
                0x10002d50                __wrap___aeabi_ui2d
                0x10002d58                __wrap___aeabi_i2d
 .text.__wrap___aeabi_d2iz
                0x10002d88       0x48 CMakeFiles/Teste_Voltimetro.dir/Users/lamparina/.pico-sdk/sdk/2.1.0/src/rp2_common/pico_double/double_aeabi_rp2040.S.o
                0x10002d88                __wrap___aeabi_d2iz
                0x10002d88                double2int_z
 .text.__wrap___aeabi_d2uiz
                0x10002dd0       0x10 CMakeFiles/Teste_Voltimetro.dir/Users/lamparina/.pico-sdk/sdk/2.1.0/src/rp2_common/pico_double/double_aeabi_rp2040.S.o
                0x10002dd0                double2uint
                0x10002dd0                __wrap___aeabi_d2uiz
 .text.missing_double_func_shim
                0x10002de0        0xc CMakeFiles/Teste_Voltimetro.dir/Users/lamparina/.pico-sdk/sdk/2.1.0/src/rp2_common/pico_double/double_init_rom_rp2040.c.o
 .text.__aeabi_double_init
                0x10002dec       0xa0 CMakeFiles/Teste_Voltimetro.dir/Users/lamparina/.pico-sdk/sdk/2.1.0/src/rp2_common/pico_double/double_init_rom_rp2040.c.o
                0x10002dec                __aeabi_double_init
 .text.double_table_shim_on_use_helper
                0x10002e8c       0x2c CMakeFiles/Teste_Voltimetro.dir/Users/lamparina/.pico-sdk/sdk/2.1.0/src/rp2_common/pico_double/double_v1_rom_shim_rp2040.S.o
                0x10002e8c                double_table_shim_on_use_helper
 .text.__aeabi_lmul
                0x10002eb8       0x32 CMakeFiles/Teste_Voltimetro.dir/Users/lamparina/.pico-sdk/sdk/2.1.0/src/rp2_common/pico_int64_ops/pico_int64_ops_aeabi.S.o
                0x10002eb8                __wrap___aeabi_lmul
 *fill*         0x10002eea        0x2 
 .text.__wrap___aeabi_farithmetic
                0x10002eec       0x48 CMakeFiles/Teste_Voltimetro.dir/Users/lamparina/.pico-sdk/sdk/2.1.0/src/rp2_common/pico_float/float_aeabi_rp2040.S.o
                0x10002eec                __wrap___aeabi_frsub
                0x10002ef2                __wrap___aeabi_fsub
                0x10002ef8                __wrap___aeabi_fadd
                0x10002efe                __wrap___aeabi_fdiv
                0x10002f26                __wrap___aeabi_fmul
 .text.__wrap___aeabi_cfcmple
                0x10002f34       0x50 CMakeFiles/Teste_Voltimetro.dir/Users/lamparina/.pico-sdk/sdk/2.1.0/src/rp2_common/pico_float/float_aeabi_rp2040.S.o
                0x10002f34                __wrap___aeabi_cfrcmple
                0x10002f40                __wrap___aeabi_cfcmpeq
                0x10002f40                __wrap___aeabi_cfcmple
 .text.__wrap___aeabi_fcmplt
                0x10002f84        0xc CMakeFiles/Teste_Voltimetro.dir/Users/lamparina/.pico-sdk/sdk/2.1.0/src/rp2_common/pico_float/float_aeabi_rp2040.S.o
                0x10002f84                __wrap___aeabi_fcmplt
 .text.__wrap___aeabi_fcmple
                0x10002f90       0x10 CMakeFiles/Teste_Voltimetro.dir/Users/lamparina/.pico-sdk/sdk/2.1.0/src/rp2_common/pico_float/float_aeabi_rp2040.S.o
                0x10002f90                __wrap___aeabi_fcmple
 .text.__wrap___aeabi_fcmpge
                0x10002fa0       0x10 CMakeFiles/Teste_Voltimetro.dir/Users/lamparina/.pico-sdk/sdk/2.1.0/src/rp2_common/pico_float/float_aeabi_rp2040.S.o
                0x10002fa0                __wrap___aeabi_fcmpge
 .text.__wrap___aeabi_fcmpgt
                0x10002fb0        0xa CMakeFiles/Teste_Voltimetro.dir/Users/lamparina/.pico-sdk/sdk/2.1.0/src/rp2_common/pico_float/float_aeabi_rp2040.S.o
                0x10002fb0                __wrap___aeabi_fcmpgt
 *fill*         0x10002fba        0x2 
 .text.__wrap___aeabi_i2f
                0x10002fbc       0x44 CMakeFiles/Teste_Voltimetro.dir/Users/lamparina/.pico-sdk/sdk/2.1.0/src/rp2_common/pico_float/float_aeabi_rp2040.S.o
                0x10002fbc                int2float
                0x10002fbc                __wrap___aeabi_i2f
 .text.__wrap___aeabi_f2iz
                0x10003000       0x4e CMakeFiles/Teste_Voltimetro.dir/Users/lamparina/.pico-sdk/sdk/2.1.0/src/rp2_common/pico_float/float_aeabi_rp2040.S.o
                0x10003000                __wrap___aeabi_f2iz
                0x10003000                float2int_z
 *fill*         0x1000304e        0x2 
 .text.float2int
                0x10003050        0xc CMakeFiles/Teste_Voltimetro.dir/Users/lamparina/.pico-sdk/sdk/2.1.0/src/rp2_common/pico_float/float_aeabi_rp2040.S.o
                0x10003050                float2int
 .text.__wrap___aeabi_f2uiz
                0x1000305c        0xc CMakeFiles/Teste_Voltimetro.dir/Users/lamparina/.pico-sdk/sdk/2.1.0/src/rp2_common/pico_float/float_aeabi_rp2040.S.o
                0x1000305c                float2uint_z
                0x1000305c                __wrap___aeabi_f2uiz
 .text.__wrap___aeabi_f2d
                0x10003068        0xc CMakeFiles/Teste_Voltimetro.dir/Users/lamparina/.pico-sdk/sdk/2.1.0/src/rp2_common/pico_float/float_aeabi_rp2040.S.o
                0x10003068                __wrap___aeabi_f2d
 .text.missing_float_func_shim
                0x10003074        0xc CMakeFiles/Teste_Voltimetro.dir/Users/lamparina/.pico-sdk/sdk/2.1.0/src/rp2_common/pico_float/float_init_rom_rp2040.c.o
 .text.__aeabi_float_init
                0x10003080       0x5c CMakeFiles/Teste_Voltimetro.dir/Users/lamparina/.pico-sdk/sdk/2.1.0/src/rp2_common/pico_float/float_init_rom_rp2040.c.o
                0x10003080                __aeabi_float_init
 .text.__wrap_calloc
                0x100030dc       0x28 CMakeFiles/Teste_Voltimetro.dir/Users/lamparina/.pico-sdk/sdk/2.1.0/src/rp2_common/pico_malloc/malloc.c.o
                0x100030dc                __wrap_calloc
 .text          0x10003104       0x10 CMakeFiles/Teste_Voltimetro.dir/Users/lamparina/.pico-sdk/sdk/2.1.0/src/rp2_common/pico_mem_ops/mem_ops_aeabi.S.o
                0x10003104                __aeabi_mem_init
 .text.memset   0x10003114        0xc CMakeFiles/Teste_Voltimetro.dir/Users/lamparina/.pico-sdk/sdk/2.1.0/src/rp2_common/pico_mem_ops/mem_ops_aeabi.S.o
                0x10003114                __wrap_memset
 .text.memcpy   0x10003120        0xc CMakeFiles/Teste_Voltimetro.dir/Users/lamparina/.pico-sdk/sdk/2.1.0/src/rp2_common/pico_mem_ops/mem_ops_aeabi.S.o
                0x10003120                __wrap___aeabi_memcpy
                0x10003120                __wrap_memcpy
 .text._out_buffer
                0x1000312c        0x8 CMakeFiles/Teste_Voltimetro.dir/Users/lamparina/.pico-sdk/sdk/2.1.0/src/rp2_common/pico_printf/printf.c.o
 .text._out_null
                0x10003134        0x4 CMakeFiles/Teste_Voltimetro.dir/Users/lamparina/.pico-sdk/sdk/2.1.0/src/rp2_common/pico_printf/printf.c.o
 .text._out_rev
                0x10003138       0xac CMakeFiles/Teste_Voltimetro.dir/Users/lamparina/.pico-sdk/sdk/2.1.0/src/rp2_common/pico_printf/printf.c.o
 .text._ntoa_format
                0x100031e4      0x250 CMakeFiles/Teste_Voltimetro.dir/Users/lamparina/.pico-sdk/sdk/2.1.0/src/rp2_common/pico_printf/printf.c.o
 .text._out_char
                0x10003434       0x10 CMakeFiles/Teste_Voltimetro.dir/Users/lamparina/.pico-sdk/sdk/2.1.0/src/rp2_common/pico_printf/printf.c.o
 .text._etoa    0x10003444      0x464 CMakeFiles/Teste_Voltimetro.dir/Users/lamparina/.pico-sdk/sdk/2.1.0/src/rp2_common/pico_printf/printf.c.o
 .text._ftoa    0x100038a8      0x3c0 CMakeFiles/Teste_Voltimetro.dir/Users/lamparina/.pico-sdk/sdk/2.1.0/src/rp2_common/pico_printf/printf.c.o
 .text._vsnprintf
                0x10003c68      0xbc8 CMakeFiles/Teste_Voltimetro.dir/Users/lamparina/.pico-sdk/sdk/2.1.0/src/rp2_common/pico_printf/printf.c.o
 .text.__wrap_sprintf
                0x10004830       0x2c CMakeFiles/Teste_Voltimetro.dir/Users/lamparina/.pico-sdk/sdk/2.1.0/src/rp2_common/pico_printf/printf.c.o
                0x10004830                __wrap_sprintf
 .text.weak_raw_vprintf
                0x1000485c       0x30 CMakeFiles/Teste_Voltimetro.dir/Users/lamparina/.pico-sdk/sdk/2.1.0/src/rp2_common/pico_printf/printf.c.o
                0x1000485c                weak_raw_vprintf
 .text._exit    0x1000488c        0x4 CMakeFiles/Teste_Voltimetro.dir/Users/lamparina/.pico-sdk/sdk/2.1.0/src/rp2_common/pico_clib_interface/newlib_interface.c.o
                0x1000488c                _exit
 .text._sbrk    0x10004890       0x34 CMakeFiles/Teste_Voltimetro.dir/Users/lamparina/.pico-sdk/sdk/2.1.0/src/rp2_common/pico_clib_interface/newlib_interface.c.o
                0x10004890                _sbrk
 .text.exit     0x100048c4        0x8 CMakeFiles/Teste_Voltimetro.dir/Users/lamparina/.pico-sdk/sdk/2.1.0/src/rp2_common/pico_clib_interface/newlib_interface.c.o
                0x100048c4                exit
 .text.runtime_init
                0x100048cc       0x2c CMakeFiles/Teste_Voltimetro.dir/Users/lamparina/.pico-sdk/sdk/2.1.0/src/rp2_common/pico_clib_interface/newlib_interface.c.o
                0x100048cc                runtime_init
 .text.stdio_out_chars_no_crlf
                0x100048f8       0x10 CMakeFiles/Teste_Voltimetro.dir/Users/lamparina/.pico-sdk/sdk/2.1.0/src/rp2_common/pico_stdio/stdio.c.o
 .text.stdio_out_chars_crlf
                0x10004908       0x94 CMakeFiles/Teste_Voltimetro.dir/Users/lamparina/.pico-sdk/sdk/2.1.0/src/rp2_common/pico_stdio/stdio.c.o
 .text.stdio_put_string
                0x1000499c      0x100 CMakeFiles/Teste_Voltimetro.dir/Users/lamparina/.pico-sdk/sdk/2.1.0/src/rp2_common/pico_stdio/stdio.c.o
                0x1000499c                stdio_put_string
 .text.__wrap_putchar
                0x10004a9c       0x98 CMakeFiles/Teste_Voltimetro.dir/Users/lamparina/.pico-sdk/sdk/2.1.0/src/rp2_common/pico_stdio/stdio.c.o
                0x10004a9c                stdio_putchar
                0x10004a9c                __wrap_putchar
 .text.__wrap_puts
                0x10004b34       0x3c CMakeFiles/Teste_Voltimetro.dir/Users/lamparina/.pico-sdk/sdk/2.1.0/src/rp2_common/pico_stdio/stdio.c.o
                0x10004b34                __wrap_puts
                0x10004b34                stdio_puts
 .text.startup._retrieve_unique_id_on_boot
                0x10004b70       0x10 CMakeFiles/Teste_Voltimetro.dir/Users/lamparina/.pico-sdk/sdk/2.1.0/src/rp2_common/pico_unique_id/unique_id.c.o
 .text.flash_get_unique_id
                0x10004b80       0x3c CMakeFiles/Teste_Voltimetro.dir/Users/lamparina/.pico-sdk/sdk/2.1.0/src/rp2_common/hardware_flash/flash.c.o
                0x10004b80                flash_get_unique_id
 .text.i2c_write_blocking_internal.constprop.0
                0x10004bbc       0xd0 CMakeFiles/Teste_Voltimetro.dir/Users/lamparina/.pico-sdk/sdk/2.1.0/src/rp2_common/hardware_i2c/i2c.c.o
 .text.i2c_set_baudrate
                0x10004c8c       0xc0 CMakeFiles/Teste_Voltimetro.dir/Users/lamparina/.pico-sdk/sdk/2.1.0/src/rp2_common/hardware_i2c/i2c.c.o
                0x10004c8c                i2c_set_baudrate
 .text.i2c_init
                0x10004d4c       0x50 CMakeFiles/Teste_Voltimetro.dir/Users/lamparina/.pico-sdk/sdk/2.1.0/src/rp2_common/hardware_i2c/i2c.c.o
                0x10004d4c                i2c_init
 .text.i2c_write_blocking
                0x10004d9c       0x14 CMakeFiles/Teste_Voltimetro.dir/Users/lamparina/.pico-sdk/sdk/2.1.0/src/rp2_common/hardware_i2c/i2c.c.o
                0x10004d9c                i2c_write_blocking
 .text.adc_init
                0x10004db0       0x38 CMakeFiles/Teste_Voltimetro.dir/Users/lamparina/.pico-sdk/sdk/2.1.0/src/rp2_common/hardware_adc/adc.c.o
                0x10004db0                adc_init
 .text.calloc   0x10004de8       0x18 /Users/lamparina/.pico-sdk/toolchain/13_3_Rel1/bin/../lib/gcc/arm-none-eabi/13.3.1/../../../../arm-none-eabi/lib/thumb/v6-m/nofp/libg.a(libc_a-calloc.o)
                0x10004de8                calloc
 .text._calloc_r
                0x10004e00       0xa8 /Users/lamparina/.pico-sdk/toolchain/13_3_Rel1/bin/../lib/gcc/arm-none-eabi/13.3.1/../../../../arm-none-eabi/lib/thumb/v6-m/nofp/libg.a(libc_a-callocr.o)
                0x10004e00                _calloc_r
 .text._malloc_r
                0x10004ea8      0x5c4 /Users/lamparina/.pico-sdk/toolchain/13_3_Rel1/bin/../lib/gcc/arm-none-eabi/13.3.1/../../../../arm-none-eabi/lib/thumb/v6-m/nofp/libg.a(libc_a-mallocr.o)
                0x10004ea8                _malloc_r
 .text.__malloc_lock
                0x1000546c       0x10 /Users/lamparina/.pico-sdk/toolchain/13_3_Rel1/bin/../lib/gcc/arm-none-eabi/13.3.1/../../../../arm-none-eabi/lib/thumb/v6-m/nofp/libg.a(libc_a-mlock.o)
                0x1000546c                __malloc_lock
 .text.__malloc_unlock
                0x1000547c       0x10 /Users/lamparina/.pico-sdk/toolchain/13_3_Rel1/bin/../lib/gcc/arm-none-eabi/13.3.1/../../../../arm-none-eabi/lib/thumb/v6-m/nofp/libg.a(libc_a-mlock.o)
                0x1000547c                __malloc_unlock
 .text._sbrk_r  0x1000548c       0x24 /Users/lamparina/.pico-sdk/toolchain/13_3_Rel1/bin/../lib/gcc/arm-none-eabi/13.3.1/../../../../arm-none-eabi/lib/thumb/v6-m/nofp/libg.a(libc_a-sbrkr.o)
                0x1000548c                _sbrk_r
 .text.__errno  0x100054b0        0xc /Users/lamparina/.pico-sdk/toolchain/13_3_Rel1/bin/../lib/gcc/arm-none-eabi/13.3.1/../../../../arm-none-eabi/lib/thumb/v6-m/nofp/libg.a(libc_a-errno.o)
                0x100054b0                __errno
 .text.sysconf  0x100054bc       0x1c /Users/lamparina/.pico-sdk/toolchain/13_3_Rel1/bin/../lib/gcc/arm-none-eabi/13.3.1/../../../../arm-none-eabi/lib/thumb/v6-m/nofp/libg.a(libc_a-sysconf.o)
                0x100054bc                sysconf
 .text.strcpy   0x100054d8       0x10 /Users/lamparina/.pico-sdk/toolchain/13_3_Rel1/bin/../lib/gcc/arm-none-eabi/13.3.1/../../../../arm-none-eabi/lib/thumb/v6-m/nofp/libg.a(libc_a-strcpy.o)
                0x100054d8                strcpy
 .text.__retarget_lock_acquire_recursive
                0x100054e8        0x4 /Users/lamparina/.pico-sdk/toolchain/13_3_Rel1/bin/../lib/gcc/arm-none-eabi/13.3.1/../../../../arm-none-eabi/lib/thumb/v6-m/nofp/libg.a(libc_a-lock.o)
                0x100054e8                __retarget_lock_acquire_recursive
 .text.__retarget_lock_release_recursive
                0x100054ec        0x4 /Users/lamparina/.pico-sdk/toolchain/13_3_Rel1/bin/../lib/gcc/arm-none-eabi/13.3.1/../../../../arm-none-eabi/lib/thumb/v6-m/nofp/libg.a(libc_a-lock.o)
                0x100054ec                __retarget_lock_release_recursive
 .text.strlen   0x100054f0       0x5c /Users/lamparina/.pico-sdk/toolchain/13_3_Rel1/bin/../lib/gcc/arm-none-eabi/13.3.1/../../../../arm-none-eabi/lib/thumb/v6-m/nofp/libg.a(libc_a-strlen-stub.o)
                0x100054f0                strlen
 .text._malloc_trim_r
                0x1000554c       0xb4 /Users/lamparina/.pico-sdk/toolchain/13_3_Rel1/bin/../lib/gcc/arm-none-eabi/13.3.1/../../../../arm-none-eabi/lib/thumb/v6-m/nofp/libg.a(libc_a-freer.o)
                0x1000554c                _malloc_trim_r
 .text._free_r  0x10005600      0x1d4 /Users/lamparina/.pico-sdk/toolchain/13_3_Rel1/bin/../lib/gcc/arm-none-eabi/13.3.1/../../../../arm-none-eabi/lib/thumb/v6-m/nofp/libg.a(libc_a-freer.o)
                0x10005600                _free_r
 *(.fini)
 .fini          0x100057d4        0x4 /Users/lamparina/.pico-sdk/toolchain/13_3_Rel1/bin/../lib/gcc/arm-none-eabi/13.3.1/thumb/v6-m/nofp/crti.o
                0x100057d4                _fini
 .fini.__stub   0x100057d8       0x50 linker stubs
 *crtbegin.o(.ctors)
 *crtbegin?.o(.ctors)
 *(EXCLUDE_FILE(*crtend.o *crtend?.o) .ctors)
 *(SORT_BY_NAME(.ctors.*))
 *(.ctors)
 *crtbegin.o(.dtors)
 *crtbegin?.o(.dtors)
 *(EXCLUDE_FILE(*crtend.o *crtend?.o) .dtors)
 *(SORT_BY_NAME(.dtors.*))
 *(.dtors)
                0x10005828                        . = ALIGN (0x4)
                0x10005828                        PROVIDE (__preinit_array_start = .)
 *(SORT_BY_NAME(.preinit_array.*))
 .preinit_array.00100
                0x10005828        0x4 CMakeFiles/Teste_Voltimetro.dir/Users/lamparina/.pico-sdk/sdk/2.1.0/src/rp2_common/pico_runtime_init/runtime_init.c.o
                0x10005828                __pre_init_runtime_init_early_resets
 .preinit_array.00101
                0x1000582c        0x4 CMakeFiles/Teste_Voltimetro.dir/Users/lamparina/.pico-sdk/sdk/2.1.0/src/rp2_common/pico_runtime_init/runtime_init.c.o
                0x1000582c                __pre_init_runtime_init_usb_power_down
 .preinit_array.00275
                0x10005830        0x4 CMakeFiles/Teste_Voltimetro.dir/Users/lamparina/.pico-sdk/sdk/2.1.0/src/rp2_common/pico_bit_ops/bit_ops_aeabi.S.o
 .preinit_array.00300
                0x10005834        0x4 CMakeFiles/Teste_Voltimetro.dir/Users/lamparina/.pico-sdk/sdk/2.1.0/src/rp2_common/pico_mem_ops/mem_ops_aeabi.S.o
 .preinit_array.00350
                0x10005838        0x4 CMakeFiles/Teste_Voltimetro.dir/Users/lamparina/.pico-sdk/sdk/2.1.0/src/rp2_common/pico_double/double_aeabi_rp2040.S.o
 .preinit_array.00350
                0x1000583c        0x4 CMakeFiles/Teste_Voltimetro.dir/Users/lamparina/.pico-sdk/sdk/2.1.0/src/rp2_common/pico_float/float_aeabi_rp2040.S.o
 .preinit_array.00500
                0x10005840        0x4 CMakeFiles/Teste_Voltimetro.dir/Users/lamparina/.pico-sdk/sdk/2.1.0/src/rp2_common/pico_runtime_init/runtime_init.c.o
                0x10005840                __pre_init_runtime_init_clocks
 .preinit_array.00600
                0x10005844        0x4 CMakeFiles/Teste_Voltimetro.dir/Users/lamparina/.pico-sdk/sdk/2.1.0/src/rp2_common/pico_runtime_init/runtime_init.c.o
                0x10005844                __pre_init_runtime_init_post_clock_resets
 .preinit_array.00700
                0x10005848        0x4 CMakeFiles/Teste_Voltimetro.dir/Users/lamparina/.pico-sdk/sdk/2.1.0/src/rp2_common/pico_runtime_init/runtime_init.c.o
                0x10005848                __pre_init_runtime_init_rp2040_gpio_ie_disable
 .preinit_array.01000
                0x1000584c        0x4 CMakeFiles/Teste_Voltimetro.dir/Users/lamparina/.pico-sdk/sdk/2.1.0/src/rp2_common/pico_runtime_init/runtime_init.c.o
                0x1000584c                __pre_init_runtime_init_spin_locks_reset
 .preinit_array.01100
                0x10005850        0x4 CMakeFiles/Teste_Voltimetro.dir/Users/lamparina/.pico-sdk/sdk/2.1.0/src/common/pico_sync/mutex.c.o
                0x10005850                __pre_init_runtime_init_mutex
 .preinit_array.10080
                0x10005854        0x4 CMakeFiles/Teste_Voltimetro.dir/Users/lamparina/.pico-sdk/sdk/2.1.0/src/rp2_common/pico_runtime_init/runtime_init.c.o
                0x10005854                __pre_init_runtime_init_install_ram_vector_table
 .preinit_array.11000
                0x10005858        0x4 CMakeFiles/Teste_Voltimetro.dir/Users/lamparina/.pico-sdk/sdk/2.1.0/src/common/pico_time/time.c.o
                0x10005858                __pre_init_runtime_init_default_alarm_pool
 .preinit_array.YYYYY
                0x1000585c        0x4 CMakeFiles/Teste_Voltimetro.dir/Users/lamparina/.pico-sdk/sdk/2.1.0/src/rp2_common/pico_runtime/runtime.c.o
                0x1000585c                __pre_init_first_per_core_initializer
 .preinit_array.ZZZZZ.01200
                0x10005860        0x4 CMakeFiles/Teste_Voltimetro.dir/Users/lamparina/.pico-sdk/sdk/2.1.0/src/rp2_common/hardware_irq/irq.c.o
                0x10005860                __pre_init_runtime_init_per_core_irq_priorities
 *(.preinit_array)
                0x10005864                        PROVIDE (__preinit_array_end = .)
                0x10005864                        . = ALIGN (0x4)
                0x10005864                        PROVIDE (__init_array_start = .)
 *(SORT_BY_NAME(.init_array.*))
 *(.init_array)
 .init_array    0x10005864        0x4 /Users/lamparina/.pico-sdk/toolchain/13_3_Rel1/bin/../lib/gcc/arm-none-eabi/13.3.1/thumb/v6-m/nofp/crtbegin.o
 .init_array    0x10005868        0x4 CMakeFiles/Teste_Voltimetro.dir/Users/lamparina/.pico-sdk/sdk/2.1.0/src/rp2_common/pico_unique_id/unique_id.c.o
                0x1000586c                        PROVIDE (__init_array_end = .)
                0x1000586c                        . = ALIGN (0x4)
                [!provide]                        PROVIDE (__fini_array_start = .)
 *(SORT_BY_NAME(.fini_array.*))
 *(.fini_array)
                [!provide]                        PROVIDE (__fini_array_end = .)
 *(.eh_frame*)
 .eh_frame      0x1000586c        0x0 /Users/lamparina/.pico-sdk/toolchain/13_3_Rel1/bin/../lib/gcc/arm-none-eabi/13.3.1/thumb/v6-m/nofp/crtbegin.o
                0x1000586c                        . = ALIGN (0x4)

.glue_7         0x1000586c        0x0
 .glue_7        0x1000586c        0x0 linker stubs

.glue_7t        0x1000586c        0x0
 .glue_7t       0x1000586c        0x0 linker stubs

.vfp11_veneer   0x1000586c        0x0
 .vfp11_veneer  0x1000586c        0x0 linker stubs

.v4_bx          0x1000586c        0x0
 .v4_bx         0x1000586c        0x0 linker stubs

.iplt           0x1000586c        0x0
 .iplt          0x1000586c        0x0 /Users/lamparina/.pico-sdk/toolchain/13_3_Rel1/bin/../lib/gcc/arm-none-eabi/13.3.1/thumb/v6-m/nofp/crtbegin.o

.rodata         0x10005870      0x714
 *(EXCLUDE_FILE(*libm.a: *libc.a:*lib_a-mem*.o *libgcc.a:) .rodata*)
 .rodata.main.str1.4
                0x10005870      0x149 CMakeFiles/Teste_Voltimetro.dir/Ohmimetro01.c.o
                                 0x2a (size before relaxing)
 .rodata.str1.4
                0x100059b9       0x53 CMakeFiles/Teste_Voltimetro.dir/Ohmimetro01.c.o
 *fill*         0x100059b9        0x3 
 .rodata        0x100059bc       0x88 CMakeFiles/Teste_Voltimetro.dir/Ohmimetro01.c.o
 .rodata.font   0x10005a44      0x2f8 CMakeFiles/Teste_Voltimetro.dir/lib/ssd1306.c.o
 .rodata.panic.str1.4
                0x10005d3c       0x12 CMakeFiles/Teste_Voltimetro.dir/Users/lamparina/.pico-sdk/sdk/2.1.0/src/rp2_common/pico_platform_panic/panic.c.o
 .rodata.timer_hardware_alarm_claim.str1.4
                0x10005d3c       0x22 CMakeFiles/Teste_Voltimetro.dir/Users/lamparina/.pico-sdk/sdk/2.1.0/src/rp2_common/hardware_timer/timer.c.o
 .rodata.hard_assertion_failure.str1.4
                0x10005d3c        0xc CMakeFiles/Teste_Voltimetro.dir/Users/lamparina/.pico-sdk/sdk/2.1.0/src/rp2_common/pico_runtime/runtime.c.o
 .rodata.missing_double_func_shim.str1.4
                0x10005d3c       0x18 CMakeFiles/Teste_Voltimetro.dir/Users/lamparina/.pico-sdk/sdk/2.1.0/src/rp2_common/pico_double/double_init_rom_rp2040.c.o
 .rodata.missing_float_func_shim.str1.4
                0x10005d3c        0x1 CMakeFiles/Teste_Voltimetro.dir/Users/lamparina/.pico-sdk/sdk/2.1.0/src/rp2_common/pico_float/float_init_rom_rp2040.c.o
 .rodata.__wrap_malloc.str1.4
                0x10005d3c        0xe CMakeFiles/Teste_Voltimetro.dir/Users/lamparina/.pico-sdk/sdk/2.1.0/src/rp2_common/pico_malloc/malloc.c.o
 .rodata.str1.4
                0x10005d3c       0x48 CMakeFiles/Teste_Voltimetro.dir/Users/lamparina/.pico-sdk/sdk/2.1.0/src/rp2_common/pico_standard_binary_info/standard_binary_info.c.o
 .rodata.__bi_84
                0x10005d3c        0xc CMakeFiles/Teste_Voltimetro.dir/Users/lamparina/.pico-sdk/sdk/2.1.0/src/rp2_common/pico_standard_binary_info/standard_binary_info.c.o
 .rodata.__bi_78
                0x10005d48        0xc CMakeFiles/Teste_Voltimetro.dir/Users/lamparina/.pico-sdk/sdk/2.1.0/src/rp2_common/pico_standard_binary_info/standard_binary_info.c.o
 .rodata.__bi_54
                0x10005d54        0xc CMakeFiles/Teste_Voltimetro.dir/Users/lamparina/.pico-sdk/sdk/2.1.0/src/rp2_common/pico_standard_binary_info/standard_binary_info.c.o
 .rodata.__bi_48
                0x10005d60        0xc CMakeFiles/Teste_Voltimetro.dir/Users/lamparina/.pico-sdk/sdk/2.1.0/src/rp2_common/pico_standard_binary_info/standard_binary_info.c.o
 .rodata.__bi_42
                0x10005d6c        0xc CMakeFiles/Teste_Voltimetro.dir/Users/lamparina/.pico-sdk/sdk/2.1.0/src/rp2_common/pico_standard_binary_info/standard_binary_info.c.o
 .rodata.__bi_34
                0x10005d78        0xc CMakeFiles/Teste_Voltimetro.dir/Users/lamparina/.pico-sdk/sdk/2.1.0/src/rp2_common/pico_standard_binary_info/standard_binary_info.c.o
 .rodata.__bi_26
                0x10005d84        0xc CMakeFiles/Teste_Voltimetro.dir/Users/lamparina/.pico-sdk/sdk/2.1.0/src/rp2_common/pico_standard_binary_info/standard_binary_info.c.o
 .rodata._ftoa.str1.4
                0x10005d90       0x15 CMakeFiles/Teste_Voltimetro.dir/Users/lamparina/.pico-sdk/sdk/2.1.0/src/rp2_common/pico_printf/printf.c.o
 .rodata._vsnprintf
                0x10005d90      0x19c CMakeFiles/Teste_Voltimetro.dir/Users/lamparina/.pico-sdk/sdk/2.1.0/src/rp2_common/pico_printf/printf.c.o
 *fill*         0x10005f2c        0x4 
 .rodata.pow10.0
                0x10005f30       0x50 CMakeFiles/Teste_Voltimetro.dir/Users/lamparina/.pico-sdk/sdk/2.1.0/src/rp2_common/pico_printf/printf.c.o
 .rodata.crlf_str.0
                0x10005f80        0x2 CMakeFiles/Teste_Voltimetro.dir/Users/lamparina/.pico-sdk/sdk/2.1.0/src/rp2_common/pico_stdio/stdio.c.o
                0x10005f84                        . = ALIGN (0x4)
 *fill*         0x10005f82        0x2 
 *(SORT_BY_ALIGNMENT(SORT_BY_NAME(.flashdata*)))
                0x10005f84                        . = ALIGN (0x4)

.ARM.extab
 *(.ARM.extab* .gnu.linkonce.armextab.*)
                0x10005f84                        __exidx_start = .

.ARM.exidx
 *(.ARM.exidx* .gnu.linkonce.armexidx.*)
                0x10005f84                        __exidx_end = .
                0x10005f84                        . = ALIGN (0x4)
                0x10005f84                        __binary_info_start = .

.binary_info    0x10005f84       0x1c
 *(.binary_info.keep.*)
 .binary_info.keep.__bi_ptr84
                0x10005f84        0x4 CMakeFiles/Teste_Voltimetro.dir/Users/lamparina/.pico-sdk/sdk/2.1.0/src/rp2_common/pico_standard_binary_info/standard_binary_info.c.o
 .binary_info.keep.__bi_ptr78
                0x10005f88        0x4 CMakeFiles/Teste_Voltimetro.dir/Users/lamparina/.pico-sdk/sdk/2.1.0/src/rp2_common/pico_standard_binary_info/standard_binary_info.c.o
 .binary_info.keep.__bi_ptr54
                0x10005f8c        0x4 CMakeFiles/Teste_Voltimetro.dir/Users/lamparina/.pico-sdk/sdk/2.1.0/src/rp2_common/pico_standard_binary_info/standard_binary_info.c.o
 .binary_info.keep.__bi_ptr48
                0x10005f90        0x4 CMakeFiles/Teste_Voltimetro.dir/Users/lamparina/.pico-sdk/sdk/2.1.0/src/rp2_common/pico_standard_binary_info/standard_binary_info.c.o
 .binary_info.keep.__bi_ptr42
                0x10005f94        0x4 CMakeFiles/Teste_Voltimetro.dir/Users/lamparina/.pico-sdk/sdk/2.1.0/src/rp2_common/pico_standard_binary_info/standard_binary_info.c.o
 .binary_info.keep.__bi_ptr34
                0x10005f98        0x4 CMakeFiles/Teste_Voltimetro.dir/Users/lamparina/.pico-sdk/sdk/2.1.0/src/rp2_common/pico_standard_binary_info/standard_binary_info.c.o
 .binary_info.keep.__bi_ptr26
                0x10005f9c        0x4 CMakeFiles/Teste_Voltimetro.dir/Users/lamparina/.pico-sdk/sdk/2.1.0/src/rp2_common/pico_standard_binary_info/standard_binary_info.c.o
 *(.binary_info.*)
                0x10005fa0                        __binary_info_end = .

.rel.dyn        0x10005fa0        0x0
 .rel.iplt      0x10005fa0        0x0 /Users/lamparina/.pico-sdk/toolchain/13_3_Rel1/bin/../lib/gcc/arm-none-eabi/13.3.1/thumb/v6-m/nofp/crtbegin.o
                0x10005fa0                        . = ALIGN (0x4)

.ram_vector_table
                0x20000000       0xc0
 *(.ram_vector_table)
 .ram_vector_table
                0x20000000       0xc0 CMakeFiles/Teste_Voltimetro.dir/Users/lamparina/.pico-sdk/sdk/2.1.0/src/rp2_common/pico_runtime_init/runtime_init.c.o
                0x20000000                ram_vector_table

.uninitialized_data
                0x200000c0        0x0
                0x200000c0                        . = ALIGN (0x4)
 *(.uninitialized_data*)

.data           0x200000c0      0x810 load address 0x10005fa0
                0x200000c0                        __data_start__ = .
 *(vtable)
 *(.time_critical*)
 .time_critical.mutex_try_enter_block_until
                0x200000c0       0x9c CMakeFiles/Teste_Voltimetro.dir/Users/lamparina/.pico-sdk/sdk/2.1.0/src/common/pico_sync/mutex.c.o
                0x200000c0                mutex_try_enter_block_until
 .time_critical.mutex_exit
                0x2000015c       0x28 CMakeFiles/Teste_Voltimetro.dir/Users/lamparina/.pico-sdk/sdk/2.1.0/src/common/pico_sync/mutex.c.o
                0x2000015c                mutex_exit
 .time_critical.flash_init_boot2_copyout
                0x20000184       0x30 CMakeFiles/Teste_Voltimetro.dir/Users/lamparina/.pico-sdk/sdk/2.1.0/src/rp2_common/hardware_flash/flash.c.o
 .time_critical.flash_enable_xip_via_boot2
                0x200001b4        0xc CMakeFiles/Teste_Voltimetro.dir/Users/lamparina/.pico-sdk/sdk/2.1.0/src/rp2_common/hardware_flash/flash.c.o
 .time_critical.flash_cs_force
                0x200001c0       0x38 CMakeFiles/Teste_Voltimetro.dir/Users/lamparina/.pico-sdk/sdk/2.1.0/src/rp2_common/hardware_flash/flash.c.o
 .time_critical.flash_do_cmd
                0x200001f8       0xc0 CMakeFiles/Teste_Voltimetro.dir/Users/lamparina/.pico-sdk/sdk/2.1.0/src/rp2_common/hardware_flash/flash.c.o
                0x200001f8                flash_do_cmd
 *(.text*)
 .text          0x200002b8        0x4 /Users/lamparina/.pico-sdk/toolchain/13_3_Rel1/bin/../lib/gcc/arm-none-eabi/13.3.1/thumb/v6-m/nofp/libgcc.a(_dvmd_tls.o)
                0x200002b8                __aeabi_ldiv0
                0x200002b8                __aeabi_idiv0
 *fill*         0x200002bc        0x4 
 .text.__stub   0x200002c0       0x10 linker stubs
                0x200002d0                        . = ALIGN (0x4)
 *(.rodata*)
                0x200002d0                        . = ALIGN (0x4)
 *(.data*)
 .data.ADC_RESOLUTION
                0x200002d0        0x4 CMakeFiles/Teste_Voltimetro.dir/Ohmimetro01.c.o
                0x200002d0                ADC_RESOLUTION
 .data.R_conhecido
                0x200002d4        0x4 CMakeFiles/Teste_Voltimetro.dir/Ohmimetro01.c.o
                0x200002d4                R_conhecido
 .data.striped_spin_lock_num
                0x200002d8        0x1 CMakeFiles/Teste_Voltimetro.dir/Users/lamparina/.pico-sdk/sdk/2.1.0/src/rp2_common/hardware_sync/sync.c.o
 *fill*         0x200002d9        0x3 
 .data          0x200002dc       0x48 CMakeFiles/Teste_Voltimetro.dir/Users/lamparina/.pico-sdk/sdk/2.1.0/src/rp2_common/hardware_irq/irq_handler_chain.S.o
                0x200002dc                irq_handler_chain_slots
                0x2000030c                irq_handler_chain_first_slot
                0x20000316                irq_handler_chain_remove_tail
 .data.default_alarm_pool
                0x20000324       0x18 CMakeFiles/Teste_Voltimetro.dir/Users/lamparina/.pico-sdk/sdk/2.1.0/src/common/pico_time/time.c.o
 *fill*         0x2000033c        0x4 
 .data.aeabi_bits_funcs
                0x20000340       0x10 CMakeFiles/Teste_Voltimetro.dir/Users/lamparina/.pico-sdk/sdk/2.1.0/src/rp2_common/pico_bit_ops/bit_ops_aeabi.S.o
                0x20000340                aeabi_bits_funcs
                0x20000350                aeabi_bits_funcs_end
 .data.aeabi_mem_funcs
                0x20000350       0x10 CMakeFiles/Teste_Voltimetro.dir/Users/lamparina/.pico-sdk/sdk/2.1.0/src/rp2_common/pico_mem_ops/mem_ops_aeabi.S.o
                0x20000350                aeabi_mem_funcs
                0x20000360                aeabi_mem_funcs_end
 .data.i2c1_inst
                0x20000360        0x8 CMakeFiles/Teste_Voltimetro.dir/Users/lamparina/.pico-sdk/sdk/2.1.0/src/rp2_common/hardware_i2c/i2c.c.o
                0x20000360                i2c1_inst
 .data.i2c0_inst
                0x20000368        0x8 CMakeFiles/Teste_Voltimetro.dir/Users/lamparina/.pico-sdk/sdk/2.1.0/src/rp2_common/hardware_i2c/i2c.c.o
                0x20000368                i2c0_inst
 .data.__malloc_sbrk_base
                0x20000370        0x4 /Users/lamparina/.pico-sdk/toolchain/13_3_Rel1/bin/../lib/gcc/arm-none-eabi/13.3.1/../../../../arm-none-eabi/lib/thumb/v6-m/nofp/libg.a(libc_a-mallocr.o)
                0x20000370                __malloc_sbrk_base
 .data.__malloc_trim_threshold
                0x20000374        0x4 /Users/lamparina/.pico-sdk/toolchain/13_3_Rel1/bin/../lib/gcc/arm-none-eabi/13.3.1/../../../../arm-none-eabi/lib/thumb/v6-m/nofp/libg.a(libc_a-mallocr.o)
                0x20000374                __malloc_trim_threshold
 .data.__malloc_av_
                0x20000378      0x408 /Users/lamparina/.pico-sdk/toolchain/13_3_Rel1/bin/../lib/gcc/arm-none-eabi/13.3.1/../../../../arm-none-eabi/lib/thumb/v6-m/nofp/libg.a(libc_a-mallocr.o)
                0x20000378                __malloc_av_
 .data._impure_ptr
                0x20000780        0x4 /Users/lamparina/.pico-sdk/toolchain/13_3_Rel1/bin/../lib/gcc/arm-none-eabi/13.3.1/../../../../arm-none-eabi/lib/thumb/v6-m/nofp/libg.a(libc_a-impure.o)
                0x20000780                _impure_ptr
 *fill*         0x20000784        0x4 
 .data._impure_data
                0x20000788      0x140 /Users/lamparina/.pico-sdk/toolchain/13_3_Rel1/bin/../lib/gcc/arm-none-eabi/13.3.1/../../../../arm-none-eabi/lib/thumb/v6-m/nofp/libg.a(libc_a-impure.o)
                0x20000788                _impure_data
                0x200008c8                        . = ALIGN (0x4)
 *(.after_data.*)
                0x200008c8                        . = ALIGN (0x4)
                0x200008c8                        PROVIDE (__mutex_array_start = .)
 *(SORT_BY_NAME(.mutex_array.*))
 *(.mutex_array)
 .mutex_array   0x200008c8        0x8 CMakeFiles/Teste_Voltimetro.dir/Users/lamparina/.pico-sdk/sdk/2.1.0/src/rp2_common/pico_stdio/stdio.c.o
                0x200008d0                        PROVIDE (__mutex_array_end = .)
                0x200008d0                        . = ALIGN (0x4)
 *(.jcr)
                0x200008d0                        . = ALIGN (0x4)

.tm_clone_table
                0x200008d0        0x0 load address 0x100067b0
 .tm_clone_table
                0x200008d0        0x0 /Users/lamparina/.pico-sdk/toolchain/13_3_Rel1/bin/../lib/gcc/arm-none-eabi/13.3.1/thumb/v6-m/nofp/crtbegin.o
 .tm_clone_table
                0x200008d0        0x0 /Users/lamparina/.pico-sdk/toolchain/13_3_Rel1/bin/../lib/gcc/arm-none-eabi/13.3.1/thumb/v6-m/nofp/crtend.o

.igot.plt       0x200008d0        0x0 load address 0x100067b0
 .igot.plt      0x200008d0        0x0 /Users/lamparina/.pico-sdk/toolchain/13_3_Rel1/bin/../lib/gcc/arm-none-eabi/13.3.1/thumb/v6-m/nofp/crtbegin.o

.tdata          0x200008d0        0x0 load address 0x100067b0
                0x200008d0                        . = ALIGN (0x4)
 *(.tdata .tdata.* .gnu.linkonce.td.*)
                0x200008d0                        __tdata_end = .
                0x200008d0                        PROVIDE (__data_end__ = .)
                0x10005fa0                        __etext = LOADADDR (.data)

.tbss           0x200008d0        0x0 load address 0x100067b0
                0x200008d0                        . = ALIGN (0x4)
                0x200008d0                        __bss_start__ = .
                0x200008d0                        __tls_base = .
 *(.tbss .tbss.* .gnu.linkonce.tb.*)
 *(.tcommon)
                0x200008d0                        __tls_end = .

.bss            0x200008d0      0x680 load address 0x100067b0
                0x200008d0                        . = ALIGN (0x4)
                0x200008d0                        __tbss_end = .
 *(SORT_BY_ALIGNMENT(SORT_BY_NAME(.bss*)))
 .bss.default_alarm_pool_entries
                0x200008d0      0x180 CMakeFiles/Teste_Voltimetro.dir/Users/lamparina/.pico-sdk/sdk/2.1.0/src/common/pico_time/time.c.o
 .bss.sd_table  0x20000a50      0x100 CMakeFiles/Teste_Voltimetro.dir/Users/lamparina/.pico-sdk/sdk/2.1.0/src/rp2_common/pico_double/double_init_rom_rp2040.c.o
                0x20000a50                sd_table
 .bss.R_x       0x20000b50        0x4 CMakeFiles/Teste_Voltimetro.dir/Ohmimetro01.c.o
                0x20000b50                R_x
 .bss.__lock___malloc_recursive_mutex
                0x20000b54        0x1 /Users/lamparina/.pico-sdk/toolchain/13_3_Rel1/bin/../lib/gcc/arm-none-eabi/13.3.1/../../../../arm-none-eabi/lib/thumb/v6-m/nofp/libg.a(libc_a-lock.o)
                0x20000b54                __lock___malloc_recursive_mutex
 *fill*         0x20000b55        0x3 
 .bss.__malloc_current_mallinfo
                0x20000b58       0x28 /Users/lamparina/.pico-sdk/toolchain/13_3_Rel1/bin/../lib/gcc/arm-none-eabi/13.3.1/../../../../arm-none-eabi/lib/thumb/v6-m/nofp/libg.a(libc_a-mallocr.o)
                0x20000b58                __malloc_current_mallinfo
 .bss.__malloc_max_sbrked_mem
                0x20000b80        0x4 /Users/lamparina/.pico-sdk/toolchain/13_3_Rel1/bin/../lib/gcc/arm-none-eabi/13.3.1/../../../../arm-none-eabi/lib/thumb/v6-m/nofp/libg.a(libc_a-mallocr.o)
                0x20000b80                __malloc_max_sbrked_mem
 .bss.__malloc_max_total_mem
                0x20000b84        0x4 /Users/lamparina/.pico-sdk/toolchain/13_3_Rel1/bin/../lib/gcc/arm-none-eabi/13.3.1/../../../../arm-none-eabi/lib/thumb/v6-m/nofp/libg.a(libc_a-mallocr.o)
                0x20000b84                __malloc_max_total_mem
 .bss.__malloc_top_pad
                0x20000b88        0x4 /Users/lamparina/.pico-sdk/toolchain/13_3_Rel1/bin/../lib/gcc/arm-none-eabi/13.3.1/../../../../arm-none-eabi/lib/thumb/v6-m/nofp/libg.a(libc_a-mallocr.o)
                0x20000b88                __malloc_top_pad
 .bss.__sf      0x20000b8c      0x138 /Users/lamparina/.pico-sdk/toolchain/13_3_Rel1/bin/../lib/gcc/arm-none-eabi/13.3.1/../../../../arm-none-eabi/lib/thumb/v6-m/nofp/libg.a(libc_a-findfp.o)
                0x20000b8c                __sf
 .bss.boot2_copyout
                0x20000cc4      0x100 CMakeFiles/Teste_Voltimetro.dir/Users/lamparina/.pico-sdk/sdk/2.1.0/src/rp2_common/hardware_flash/flash.c.o
 .bss.callbacks
                0x20000dc4        0x8 CMakeFiles/Teste_Voltimetro.dir/Users/lamparina/.pico-sdk/sdk/2.1.0/src/rp2_common/hardware_gpio/gpio.c.o
 .bss.claimed   0x20000dcc        0x1 CMakeFiles/Teste_Voltimetro.dir/Users/lamparina/.pico-sdk/sdk/2.1.0/src/rp2_common/hardware_timer/timer.c.o
 *fill*         0x20000dcd        0x3 
 .bss.configured_freq
                0x20000dd0       0x28 CMakeFiles/Teste_Voltimetro.dir/Users/lamparina/.pico-sdk/sdk/2.1.0/src/rp2_common/hardware_clocks/clocks.c.o
 .bss.drivers   0x20000df8        0x4 CMakeFiles/Teste_Voltimetro.dir/Users/lamparina/.pico-sdk/sdk/2.1.0/src/rp2_common/pico_stdio/stdio.c.o
 .bss.errno     0x20000dfc        0x4 /Users/lamparina/.pico-sdk/toolchain/13_3_Rel1/bin/../lib/gcc/arm-none-eabi/13.3.1/../../../../arm-none-eabi/lib/thumb/v6-m/nofp/libg.a(libc_a-reent.o)
                0x20000dfc                errno
 .bss.filter    0x20000e00        0x4 CMakeFiles/Teste_Voltimetro.dir/Users/lamparina/.pico-sdk/sdk/2.1.0/src/rp2_common/pico_stdio/stdio.c.o
 .bss.heap_end.0
                0x20000e04        0x4 CMakeFiles/Teste_Voltimetro.dir/Users/lamparina/.pico-sdk/sdk/2.1.0/src/rp2_common/pico_clib_interface/newlib_interface.c.o
 .bss.lazy_vsnprintf
                0x20000e08        0x4 CMakeFiles/Teste_Voltimetro.dir/Users/lamparina/.pico-sdk/sdk/2.1.0/src/rp2_common/pico_printf/printf.c.o
 .bss.object.0  0x20000e0c       0x18 /Users/lamparina/.pico-sdk/toolchain/13_3_Rel1/bin/../lib/gcc/arm-none-eabi/13.3.1/thumb/v6-m/nofp/crtbegin.o
 .bss.pools     0x20000e24       0x10 CMakeFiles/Teste_Voltimetro.dir/Users/lamparina/.pico-sdk/sdk/2.1.0/src/common/pico_time/time.c.o
 .bss.raw_irq_mask
                0x20000e34        0x8 CMakeFiles/Teste_Voltimetro.dir/Users/lamparina/.pico-sdk/sdk/2.1.0/src/rp2_common/hardware_gpio/gpio.c.o
 .bss.retrieved_id
                0x20000e3c        0x8 CMakeFiles/Teste_Voltimetro.dir/Users/lamparina/.pico-sdk/sdk/2.1.0/src/rp2_common/pico_unique_id/unique_id.c.o
 .bss.sf_clz_func
                0x20000e44        0x4 CMakeFiles/Teste_Voltimetro.dir/Users/lamparina/.pico-sdk/sdk/2.1.0/src/rp2_common/pico_double/double_init_rom_rp2040.c.o
                0x20000e44                sf_clz_func
 .bss.sf_table  0x20000e48      0x100 CMakeFiles/Teste_Voltimetro.dir/Users/lamparina/.pico-sdk/sdk/2.1.0/src/rp2_common/pico_float/float_init_rom_rp2040.c.o
                0x20000e48                sf_table
 .bss.sleep_notifier
                0x20000f48        0x4 CMakeFiles/Teste_Voltimetro.dir/Users/lamparina/.pico-sdk/sdk/2.1.0/src/common/pico_time/time.c.o
 .bss.boot2_copyout_valid
                0x20000f4c        0x1 CMakeFiles/Teste_Voltimetro.dir/Users/lamparina/.pico-sdk/sdk/2.1.0/src/rp2_common/hardware_flash/flash.c.o
 .bss.irq_handler_chain_free_slot_head
                0x20000f4d        0x1 CMakeFiles/Teste_Voltimetro.dir/Users/lamparina/.pico-sdk/sdk/2.1.0/src/rp2_common/hardware_irq/irq.c.o
 *(COMMON)
                0x20000f50                        . = ALIGN (0x4)
 *fill*         0x20000f4e        0x2 
                0x20000f50                        __bss_end__ = .

.heap           0x20000f50      0x800 load address 0x100067b0
                0x20000f50                        __end__ = .
                0x20000f50                        end = __end__
 *(.heap*)
 .heap          0x20000f50      0x800 CMakeFiles/Teste_Voltimetro.dir/Users/lamparina/.pico-sdk/sdk/2.1.0/src/rp2_common/pico_crt0/crt0.S.o
                0x20040000                        __HeapLimit = (ORIGIN (RAM) + LENGTH (RAM))

.scratch_x      0x20040000        0x0 load address 0x100067b0
                0x20040000                        __scratch_x_start__ = .
 *(.scratch_x.*)
                0x20040000                        . = ALIGN (0x4)
                0x20040000                        __scratch_x_end__ = .
                0x100067b0                        __scratch_x_source__ = LOADADDR (.scratch_x)

.scratch_y      0x20041000        0x0 load address 0x100067b0
                0x20041000                        __scratch_y_start__ = .
 *(.scratch_y.*)
                0x20041000                        . = ALIGN (0x4)
                0x20041000                        __scratch_y_end__ = .
                0x100067b0                        __scratch_y_source__ = LOADADDR (.scratch_y)

.stack1_dummy
 *(.stack1*)

.stack_dummy    0x20041000      0x800
 *(.stack*)
 .stack         0x20041000      0x800 CMakeFiles/Teste_Voltimetro.dir/Users/lamparina/.pico-sdk/sdk/2.1.0/src/rp2_common/pico_crt0/crt0.S.o

.flash_end      0x100067b0        0x0
 *(.embedded_end_block*)
                0x100067b0                        PROVIDE (__flash_binary_end = .)
                0x20040000                        __StackLimit = (ORIGIN (RAM) + LENGTH (RAM))
                0x20041000                        __StackOneTop = (ORIGIN (SCRATCH_X) + LENGTH (SCRATCH_X))
                0x20042000                        __StackTop = (ORIGIN (SCRATCH_Y) + LENGTH (SCRATCH_Y))
                0x20041000                        __StackOneBottom = (__StackOneTop - SIZEOF (.stack1_dummy))
                0x20041800                        __StackBottom = (__StackTop - SIZEOF (.stack_dummy))
                0x20042000                        PROVIDE (__stack = __StackTop)
                [!provide]                        PROVIDE (__heap_start = __end__)
                [!provide]                        PROVIDE (__heap_end = __HeapLimit)
                [!provide]                        PROVIDE (__tls_align = MAX (ALIGNOF (.tdata), ALIGNOF (.tbss)))
                [!provide]                        PROVIDE (__tls_size_align = (((__tls_size + __tls_align) - 0x1) & ~ ((__tls_align - 0x1))))
                [!provide]                        PROVIDE (__arm32_tls_tcb_offset = MAX (0x8, __tls_align))
                [!provide]                        PROVIDE (_end = __end__)
                [!provide]                        PROVIDE (__llvm_libc_heap_limit = __HeapLimit)
                0x00000001                        ASSERT ((__StackLimit >= __HeapLimit), region RAM overflowed)
                0x00000001                        ASSERT (((__binary_info_header_end - __logical_binary_start) <= 0x100), Binary info must be in first 256 bytes of the binary)
LOAD CMakeFiles/Teste_Voltimetro.dir/Ohmimetro01.c.o
LOAD CMakeFiles/Teste_Voltimetro.dir/lib/ssd1306.c.o
LOAD CMakeFiles/Teste_Voltimetro.dir/Users/lamparina/.pico-sdk/sdk/2.1.0/src/rp2_common/pico_stdlib/stdlib.c.o
LOAD CMakeFiles/Teste_Voltimetro.dir/Users/lamparina/.pico-sdk/sdk/2.1.0/src/rp2_common/hardware_gpio/gpio.c.o
LOAD CMakeFiles/Teste_Voltimetro.dir/Users/lamparina/.pico-sdk/sdk/2.1.0/src/rp2040/pico_platform/platform.c.o
LOAD CMakeFiles/Teste_Voltimetro.dir/Users/lamparina/.pico-sdk/sdk/2.1.0/src/rp2_common/pico_platform_panic/panic.c.o
LOAD CMakeFiles/Teste_Voltimetro.dir/Users/lamparina/.pico-sdk/sdk/2.1.0/src/common/hardware_claim/claim.c.o
LOAD CMakeFiles/Teste_Voltimetro.dir/Users/lamparina/.pico-sdk/sdk/2.1.0/src/rp2_common/hardware_sync/sync.c.o
LOAD CMakeFiles/Teste_Voltimetro.dir/Users/lamparina/.pico-sdk/sdk/2.1.0/src/rp2_common/hardware_sync_spin_lock/sync_spin_lock.c.o
LOAD CMakeFiles/Teste_Voltimetro.dir/Users/lamparina/.pico-sdk/sdk/2.1.0/src/rp2_common/hardware_irq/irq.c.o
LOAD CMakeFiles/Teste_Voltimetro.dir/Users/lamparina/.pico-sdk/sdk/2.1.0/src/rp2_common/hardware_irq/irq_handler_chain.S.o
LOAD CMakeFiles/Teste_Voltimetro.dir/Users/lamparina/.pico-sdk/sdk/2.1.0/src/common/pico_sync/sem.c.o
LOAD CMakeFiles/Teste_Voltimetro.dir/Users/lamparina/.pico-sdk/sdk/2.1.0/src/common/pico_sync/lock_core.c.o
LOAD CMakeFiles/Teste_Voltimetro.dir/Users/lamparina/.pico-sdk/sdk/2.1.0/src/common/pico_sync/mutex.c.o
LOAD CMakeFiles/Teste_Voltimetro.dir/Users/lamparina/.pico-sdk/sdk/2.1.0/src/common/pico_sync/critical_section.c.o
LOAD CMakeFiles/Teste_Voltimetro.dir/Users/lamparina/.pico-sdk/sdk/2.1.0/src/common/pico_time/time.c.o
LOAD CMakeFiles/Teste_Voltimetro.dir/Users/lamparina/.pico-sdk/sdk/2.1.0/src/common/pico_time/timeout_helper.c.o
LOAD CMakeFiles/Teste_Voltimetro.dir/Users/lamparina/.pico-sdk/sdk/2.1.0/src/rp2_common/hardware_timer/timer.c.o
LOAD CMakeFiles/Teste_Voltimetro.dir/Users/lamparina/.pico-sdk/sdk/2.1.0/src/common/pico_util/datetime.c.o
LOAD CMakeFiles/Teste_Voltimetro.dir/Users/lamparina/.pico-sdk/sdk/2.1.0/src/common/pico_util/pheap.c.o
LOAD CMakeFiles/Teste_Voltimetro.dir/Users/lamparina/.pico-sdk/sdk/2.1.0/src/common/pico_util/queue.c.o
LOAD CMakeFiles/Teste_Voltimetro.dir/Users/lamparina/.pico-sdk/sdk/2.1.0/src/rp2_common/hardware_uart/uart.c.o
LOAD CMakeFiles/Teste_Voltimetro.dir/Users/lamparina/.pico-sdk/sdk/2.1.0/src/rp2_common/hardware_clocks/clocks.c.o
LOAD CMakeFiles/Teste_Voltimetro.dir/Users/lamparina/.pico-sdk/sdk/2.1.0/src/rp2_common/hardware_pll/pll.c.o
LOAD CMakeFiles/Teste_Voltimetro.dir/Users/lamparina/.pico-sdk/sdk/2.1.0/src/rp2_common/hardware_vreg/vreg.c.o
LOAD CMakeFiles/Teste_Voltimetro.dir/Users/lamparina/.pico-sdk/sdk/2.1.0/src/rp2_common/hardware_watchdog/watchdog.c.o
LOAD CMakeFiles/Teste_Voltimetro.dir/Users/lamparina/.pico-sdk/sdk/2.1.0/src/rp2_common/hardware_ticks/ticks.c.o
LOAD CMakeFiles/Teste_Voltimetro.dir/Users/lamparina/.pico-sdk/sdk/2.1.0/src/rp2_common/pico_bootrom/bootrom.c.o
LOAD CMakeFiles/Teste_Voltimetro.dir/Users/lamparina/.pico-sdk/sdk/2.1.0/src/rp2_common/pico_bootrom/bootrom_lock.c.o
LOAD CMakeFiles/Teste_Voltimetro.dir/Users/lamparina/.pico-sdk/sdk/2.1.0/src/rp2_common/hardware_boot_lock/boot_lock.c.o
LOAD CMakeFiles/Teste_Voltimetro.dir/Users/lamparina/.pico-sdk/sdk/2.1.0/src/rp2_common/pico_flash/flash.c.o
LOAD CMakeFiles/Teste_Voltimetro.dir/Users/lamparina/.pico-sdk/sdk/2.1.0/src/rp2_common/hardware_xosc/xosc.c.o
LOAD CMakeFiles/Teste_Voltimetro.dir/Users/lamparina/.pico-sdk/sdk/2.1.0/src/rp2_common/hardware_divider/divider.S.o
LOAD CMakeFiles/Teste_Voltimetro.dir/Users/lamparina/.pico-sdk/sdk/2.1.0/src/rp2_common/pico_runtime/runtime.c.o
LOAD CMakeFiles/Teste_Voltimetro.dir/Users/lamparina/.pico-sdk/sdk/2.1.0/src/rp2_common/pico_runtime_init/runtime_init.c.o
LOAD CMakeFiles/Teste_Voltimetro.dir/Users/lamparina/.pico-sdk/sdk/2.1.0/src/rp2_common/pico_runtime_init/runtime_init_clocks.c.o
LOAD CMakeFiles/Teste_Voltimetro.dir/Users/lamparina/.pico-sdk/sdk/2.1.0/src/rp2_common/pico_runtime_init/runtime_init_stack_guard.c.o
LOAD CMakeFiles/Teste_Voltimetro.dir/Users/lamparina/.pico-sdk/sdk/2.1.0/src/rp2_common/pico_bit_ops/bit_ops_aeabi.S.o
LOAD CMakeFiles/Teste_Voltimetro.dir/Users/lamparina/.pico-sdk/sdk/2.1.0/src/rp2_common/pico_divider/divider_hardware.S.o
LOAD CMakeFiles/Teste_Voltimetro.dir/Users/lamparina/.pico-sdk/sdk/2.1.0/src/rp2_common/pico_double/double_aeabi_rp2040.S.o
LOAD CMakeFiles/Teste_Voltimetro.dir/Users/lamparina/.pico-sdk/sdk/2.1.0/src/rp2_common/pico_double/double_init_rom_rp2040.c.o
LOAD CMakeFiles/Teste_Voltimetro.dir/Users/lamparina/.pico-sdk/sdk/2.1.0/src/rp2_common/pico_double/double_math.c.o
LOAD CMakeFiles/Teste_Voltimetro.dir/Users/lamparina/.pico-sdk/sdk/2.1.0/src/rp2_common/pico_double/double_v1_rom_shim_rp2040.S.o
LOAD CMakeFiles/Teste_Voltimetro.dir/Users/lamparina/.pico-sdk/sdk/2.1.0/src/rp2_common/pico_int64_ops/pico_int64_ops_aeabi.S.o
LOAD CMakeFiles/Teste_Voltimetro.dir/Users/lamparina/.pico-sdk/sdk/2.1.0/src/rp2_common/pico_float/float_aeabi_rp2040.S.o
LOAD CMakeFiles/Teste_Voltimetro.dir/Users/lamparina/.pico-sdk/sdk/2.1.0/src/rp2_common/pico_float/float_init_rom_rp2040.c.o
LOAD CMakeFiles/Teste_Voltimetro.dir/Users/lamparina/.pico-sdk/sdk/2.1.0/src/rp2_common/pico_float/float_math.c.o
LOAD CMakeFiles/Teste_Voltimetro.dir/Users/lamparina/.pico-sdk/sdk/2.1.0/src/rp2_common/pico_float/float_v1_rom_shim_rp2040.S.o
LOAD CMakeFiles/Teste_Voltimetro.dir/Users/lamparina/.pico-sdk/sdk/2.1.0/src/rp2_common/pico_malloc/malloc.c.o
LOAD CMakeFiles/Teste_Voltimetro.dir/Users/lamparina/.pico-sdk/sdk/2.1.0/src/rp2_common/pico_mem_ops/mem_ops_aeabi.S.o
LOAD CMakeFiles/Teste_Voltimetro.dir/Users/lamparina/.pico-sdk/sdk/2.1.0/src/rp2_common/pico_atomic/atomic.c.o
LOAD CMakeFiles/Teste_Voltimetro.dir/Users/lamparina/.pico-sdk/sdk/2.1.0/src/rp2_common/pico_cxx_options/new_delete.cpp.o
LOAD CMakeFiles/Teste_Voltimetro.dir/Users/lamparina/.pico-sdk/sdk/2.1.0/src/rp2_common/pico_standard_binary_info/standard_binary_info.c.o
LOAD CMakeFiles/Teste_Voltimetro.dir/Users/lamparina/.pico-sdk/sdk/2.1.0/src/rp2_common/pico_printf/printf.c.o
LOAD CMakeFiles/Teste_Voltimetro.dir/Users/lamparina/.pico-sdk/sdk/2.1.0/src/rp2_common/pico_crt0/crt0.S.o
LOAD CMakeFiles/Teste_Voltimetro.dir/Users/lamparina/.pico-sdk/sdk/2.1.0/src/rp2_common/pico_clib_interface/newlib_interface.c.o
LOAD CMakeFiles/Teste_Voltimetro.dir/Users/lamparina/.pico-sdk/sdk/2.1.0/src/rp2_common/pico_stdio/stdio.c.o
LOAD CMakeFiles/Teste_Voltimetro.dir/Users/lamparina/.pico-sdk/sdk/2.1.0/src/rp2_common/pico_stdio_usb/reset_interface.c.o
LOAD CMakeFiles/Teste_Voltimetro.dir/Users/lamparina/.pico-sdk/sdk/2.1.0/src/rp2_common/pico_stdio_usb/stdio_usb.c.o
LOAD CMakeFiles/Teste_Voltimetro.dir/Users/lamparina/.pico-sdk/sdk/2.1.0/src/rp2_common/pico_stdio_usb/stdio_usb_descriptors.c.o
LOAD CMakeFiles/Teste_Voltimetro.dir/Users/lamparina/.pico-sdk/sdk/2.1.0/src/rp2_common/pico_unique_id/unique_id.c.o
LOAD CMakeFiles/Teste_Voltimetro.dir/Users/lamparina/.pico-sdk/sdk/2.1.0/src/rp2_common/hardware_flash/flash.c.o
LOAD CMakeFiles/Teste_Voltimetro.dir/Users/lamparina/.pico-sdk/sdk/2.1.0/src/rp2_common/hardware_xip_cache/xip_cache.c.o
LOAD CMakeFiles/Teste_Voltimetro.dir/Users/lamparina/.pico-sdk/sdk/2.1.0/lib/tinyusb/src/portable/raspberrypi/rp2040/dcd_rp2040.c.o
LOAD CMakeFiles/Teste_Voltimetro.dir/Users/lamparina/.pico-sdk/sdk/2.1.0/lib/tinyusb/src/portable/raspberrypi/rp2040/rp2040_usb.c.o
LOAD CMakeFiles/Teste_Voltimetro.dir/Users/lamparina/.pico-sdk/sdk/2.1.0/lib/tinyusb/src/device/usbd.c.o
LOAD CMakeFiles/Teste_Voltimetro.dir/Users/lamparina/.pico-sdk/sdk/2.1.0/lib/tinyusb/src/device/usbd_control.c.o
LOAD CMakeFiles/Teste_Voltimetro.dir/Users/lamparina/.pico-sdk/sdk/2.1.0/lib/tinyusb/src/class/audio/audio_device.c.o
LOAD CMakeFiles/Teste_Voltimetro.dir/Users/lamparina/.pico-sdk/sdk/2.1.0/lib/tinyusb/src/class/cdc/cdc_device.c.o
LOAD CMakeFiles/Teste_Voltimetro.dir/Users/lamparina/.pico-sdk/sdk/2.1.0/lib/tinyusb/src/class/dfu/dfu_device.c.o
LOAD CMakeFiles/Teste_Voltimetro.dir/Users/lamparina/.pico-sdk/sdk/2.1.0/lib/tinyusb/src/class/dfu/dfu_rt_device.c.o
LOAD CMakeFiles/Teste_Voltimetro.dir/Users/lamparina/.pico-sdk/sdk/2.1.0/lib/tinyusb/src/class/hid/hid_device.c.o
LOAD CMakeFiles/Teste_Voltimetro.dir/Users/lamparina/.pico-sdk/sdk/2.1.0/lib/tinyusb/src/class/midi/midi_device.c.o
LOAD CMakeFiles/Teste_Voltimetro.dir/Users/lamparina/.pico-sdk/sdk/2.1.0/lib/tinyusb/src/class/msc/msc_device.c.o
LOAD CMakeFiles/Teste_Voltimetro.dir/Users/lamparina/.pico-sdk/sdk/2.1.0/lib/tinyusb/src/class/net/ecm_rndis_device.c.o
LOAD CMakeFiles/Teste_Voltimetro.dir/Users/lamparina/.pico-sdk/sdk/2.1.0/lib/tinyusb/src/class/net/ncm_device.c.o
LOAD CMakeFiles/Teste_Voltimetro.dir/Users/lamparina/.pico-sdk/sdk/2.1.0/lib/tinyusb/src/class/usbtmc/usbtmc_device.c.o
LOAD CMakeFiles/Teste_Voltimetro.dir/Users/lamparina/.pico-sdk/sdk/2.1.0/lib/tinyusb/src/class/vendor/vendor_device.c.o
LOAD CMakeFiles/Teste_Voltimetro.dir/Users/lamparina/.pico-sdk/sdk/2.1.0/lib/tinyusb/src/class/video/video_device.c.o
LOAD CMakeFiles/Teste_Voltimetro.dir/Users/lamparina/.pico-sdk/sdk/2.1.0/lib/tinyusb/src/tusb.c.o
LOAD CMakeFiles/Teste_Voltimetro.dir/Users/lamparina/.pico-sdk/sdk/2.1.0/lib/tinyusb/src/common/tusb_fifo.c.o
LOAD CMakeFiles/Teste_Voltimetro.dir/Users/lamparina/.pico-sdk/sdk/2.1.0/src/rp2_common/pico_fix/rp2040_usb_device_enumeration/rp2040_usb_device_enumeration.c.o
LOAD CMakeFiles/Teste_Voltimetro.dir/Users/lamparina/.pico-sdk/sdk/2.1.0/src/rp2_common/hardware_i2c/i2c.c.o
LOAD CMakeFiles/Teste_Voltimetro.dir/Users/lamparina/.pico-sdk/sdk/2.1.0/src/rp2_common/hardware_adc/adc.c.o
LOAD pico-sdk/src/rp2040/boot_stage2/CMakeFiles/bs2_default_library.dir/./bs2_default_padded_checksummed.S.o
LOAD /Users/lamparina/.pico-sdk/toolchain/13_3_Rel1/bin/../lib/gcc/arm-none-eabi/13.3.1/../../../../arm-none-eabi/lib/thumb/v6-m/nofp/libstdc++.a
LOAD /Users/lamparina/.pico-sdk/toolchain/13_3_Rel1/bin/../lib/gcc/arm-none-eabi/13.3.1/../../../../arm-none-eabi/lib/thumb/v6-m/nofp/libm.a
START GROUP
LOAD /Users/lamparina/.pico-sdk/toolchain/13_3_Rel1/bin/../lib/gcc/arm-none-eabi/13.3.1/thumb/v6-m/nofp/libgcc.a
LOAD /Users/lamparina/.pico-sdk/toolchain/13_3_Rel1/bin/../lib/gcc/arm-none-eabi/13.3.1/../../../../arm-none-eabi/lib/thumb/v6-m/nofp/libg.a
LOAD /Users/lamparina/.pico-sdk/toolchain/13_3_Rel1/bin/../lib/gcc/arm-none-eabi/13.3.1/../../../../arm-none-eabi/lib/thumb/v6-m/nofp/libc.a
END GROUP
START GROUP
LOAD /Users/lamparina/.pico-sdk/toolchain/13_3_Rel1/bin/../lib/gcc/arm-none-eabi/13.3.1/thumb/v6-m/nofp/libgcc.a
LOAD /Users/lamparina/.pico-sdk/toolchain/13_3_Rel1/bin/../lib/gcc/arm-none-eabi/13.3.1/../../../../arm-none-eabi/lib/thumb/v6-m/nofp/libc.a
LOAD /Users/lamparina/.pico-sdk/toolchain/13_3_Rel1/bin/../lib/gcc/arm-none-eabi/13.3.1/../../../../arm-none-eabi/lib/thumb/v6-m/nofp/libnosys.a
END GROUP
LOAD /Users/lamparina/.pico-sdk/toolchain/13_3_Rel1/bin/../lib/gcc/arm-none-eabi/13.3.1/thumb/v6-m/nofp/crtend.o
LOAD /Users/lamparina/.pico-sdk/toolchain/13_3_Rel1/bin/../lib/gcc/arm-none-eabi/13.3.1/thumb/v6-m/nofp/crtn.o
OUTPUT(Teste_Voltimetro.elf elf32-littlearm)
LOAD linker stubs

.ARM.attributes
                0x00000000       0x28
 .ARM.attributes
                0x00000000       0x1e /Users/lamparina/.pico-sdk/toolchain/13_3_Rel1/bin/../lib/gcc/arm-none-eabi/13.3.1/thumb/v6-m/nofp/crti.o
 .ARM.attributes
                0x0000001e       0x2c /Users/lamparina/.pico-sdk/toolchain/13_3_Rel1/bin/../lib/gcc/arm-none-eabi/13.3.1/thumb/v6-m/nofp/crtbegin.o
 .ARM.attributes
                0x0000004a       0x2c CMakeFiles/Teste_Voltimetro.dir/Ohmimetro01.c.o
 .ARM.attributes
                0x00000076       0x2c CMakeFiles/Teste_Voltimetro.dir/lib/ssd1306.c.o
 .ARM.attributes
                0x000000a2       0x2c CMakeFiles/Teste_Voltimetro.dir/Users/lamparina/.pico-sdk/sdk/2.1.0/src/rp2_common/hardware_gpio/gpio.c.o
 .ARM.attributes
                0x000000ce       0x2c CMakeFiles/Teste_Voltimetro.dir/Users/lamparina/.pico-sdk/sdk/2.1.0/src/rp2_common/pico_platform_panic/panic.c.o
 .ARM.attributes
                0x000000fa       0x2c CMakeFiles/Teste_Voltimetro.dir/Users/lamparina/.pico-sdk/sdk/2.1.0/src/common/hardware_claim/claim.c.o
 .ARM.attributes
                0x00000126       0x2c CMakeFiles/Teste_Voltimetro.dir/Users/lamparina/.pico-sdk/sdk/2.1.0/src/rp2_common/hardware_sync/sync.c.o
 .ARM.attributes
                0x00000152       0x2c CMakeFiles/Teste_Voltimetro.dir/Users/lamparina/.pico-sdk/sdk/2.1.0/src/rp2_common/hardware_sync_spin_lock/sync_spin_lock.c.o
 .ARM.attributes
                0x0000017e       0x2c CMakeFiles/Teste_Voltimetro.dir/Users/lamparina/.pico-sdk/sdk/2.1.0/src/rp2_common/hardware_irq/irq.c.o
 .ARM.attributes
                0x000001aa       0x22 CMakeFiles/Teste_Voltimetro.dir/Users/lamparina/.pico-sdk/sdk/2.1.0/src/rp2_common/hardware_irq/irq_handler_chain.S.o
 .ARM.attributes
                0x000001cc       0x2c CMakeFiles/Teste_Voltimetro.dir/Users/lamparina/.pico-sdk/sdk/2.1.0/src/common/pico_sync/lock_core.c.o
 .ARM.attributes
                0x000001f8       0x2c CMakeFiles/Teste_Voltimetro.dir/Users/lamparina/.pico-sdk/sdk/2.1.0/src/common/pico_sync/mutex.c.o
 .ARM.attributes
                0x00000224       0x2c CMakeFiles/Teste_Voltimetro.dir/Users/lamparina/.pico-sdk/sdk/2.1.0/src/common/pico_time/time.c.o
 .ARM.attributes
                0x00000250       0x2c CMakeFiles/Teste_Voltimetro.dir/Users/lamparina/.pico-sdk/sdk/2.1.0/src/rp2_common/hardware_timer/timer.c.o
 .ARM.attributes
                0x0000027c       0x2c CMakeFiles/Teste_Voltimetro.dir/Users/lamparina/.pico-sdk/sdk/2.1.0/src/rp2_common/hardware_clocks/clocks.c.o
 .ARM.attributes
                0x000002a8       0x2c CMakeFiles/Teste_Voltimetro.dir/Users/lamparina/.pico-sdk/sdk/2.1.0/src/rp2_common/hardware_pll/pll.c.o
 .ARM.attributes
                0x000002d4       0x2c CMakeFiles/Teste_Voltimetro.dir/Users/lamparina/.pico-sdk/sdk/2.1.0/src/rp2_common/hardware_ticks/ticks.c.o
 .ARM.attributes
                0x00000300       0x2c CMakeFiles/Teste_Voltimetro.dir/Users/lamparina/.pico-sdk/sdk/2.1.0/src/rp2_common/pico_bootrom/bootrom.c.o
 .ARM.attributes
                0x0000032c       0x2c CMakeFiles/Teste_Voltimetro.dir/Users/lamparina/.pico-sdk/sdk/2.1.0/src/rp2_common/hardware_xosc/xosc.c.o
 .ARM.attributes
                0x00000358       0x2c CMakeFiles/Teste_Voltimetro.dir/Users/lamparina/.pico-sdk/sdk/2.1.0/src/rp2_common/pico_runtime/runtime.c.o
 .ARM.attributes
                0x00000384       0x2c CMakeFiles/Teste_Voltimetro.dir/Users/lamparina/.pico-sdk/sdk/2.1.0/src/rp2_common/pico_runtime_init/runtime_init.c.o
 .ARM.attributes
                0x000003b0       0x2c CMakeFiles/Teste_Voltimetro.dir/Users/lamparina/.pico-sdk/sdk/2.1.0/src/rp2_common/pico_runtime_init/runtime_init_clocks.c.o
 .ARM.attributes
                0x000003dc       0x22 CMakeFiles/Teste_Voltimetro.dir/Users/lamparina/.pico-sdk/sdk/2.1.0/src/rp2_common/pico_bit_ops/bit_ops_aeabi.S.o
 .ARM.attributes
                0x000003fe       0x22 CMakeFiles/Teste_Voltimetro.dir/Users/lamparina/.pico-sdk/sdk/2.1.0/src/rp2_common/pico_divider/divider_hardware.S.o
 .ARM.attributes
                0x00000420       0x22 CMakeFiles/Teste_Voltimetro.dir/Users/lamparina/.pico-sdk/sdk/2.1.0/src/rp2_common/pico_double/double_aeabi_rp2040.S.o
 .ARM.attributes
                0x00000442       0x2c CMakeFiles/Teste_Voltimetro.dir/Users/lamparina/.pico-sdk/sdk/2.1.0/src/rp2_common/pico_double/double_init_rom_rp2040.c.o
 .ARM.attributes
                0x0000046e       0x22 CMakeFiles/Teste_Voltimetro.dir/Users/lamparina/.pico-sdk/sdk/2.1.0/src/rp2_common/pico_double/double_v1_rom_shim_rp2040.S.o
 .ARM.attributes
                0x00000490       0x22 CMakeFiles/Teste_Voltimetro.dir/Users/lamparina/.pico-sdk/sdk/2.1.0/src/rp2_common/pico_int64_ops/pico_int64_ops_aeabi.S.o
 .ARM.attributes
                0x000004b2       0x22 CMakeFiles/Teste_Voltimetro.dir/Users/lamparina/.pico-sdk/sdk/2.1.0/src/rp2_common/pico_float/float_aeabi_rp2040.S.o
 .ARM.attributes
                0x000004d4       0x2c CMakeFiles/Teste_Voltimetro.dir/Users/lamparina/.pico-sdk/sdk/2.1.0/src/rp2_common/pico_float/float_init_rom_rp2040.c.o
 .ARM.attributes
                0x00000500       0x2c CMakeFiles/Teste_Voltimetro.dir/Users/lamparina/.pico-sdk/sdk/2.1.0/src/rp2_common/pico_malloc/malloc.c.o
 .ARM.attributes
                0x0000052c       0x22 CMakeFiles/Teste_Voltimetro.dir/Users/lamparina/.pico-sdk/sdk/2.1.0/src/rp2_common/pico_mem_ops/mem_ops_aeabi.S.o
 .ARM.attributes
                0x0000054e       0x2c CMakeFiles/Teste_Voltimetro.dir/Users/lamparina/.pico-sdk/sdk/2.1.0/src/rp2_common/pico_standard_binary_info/standard_binary_info.c.o
 .ARM.attributes
                0x0000057a       0x2c CMakeFiles/Teste_Voltimetro.dir/Users/lamparina/.pico-sdk/sdk/2.1.0/src/rp2_common/pico_printf/printf.c.o
 .ARM.attributes
                0x000005a6       0x22 CMakeFiles/Teste_Voltimetro.dir/Users/lamparina/.pico-sdk/sdk/2.1.0/src/rp2_common/pico_crt0/crt0.S.o
 .ARM.attributes
                0x000005c8       0x2c CMakeFiles/Teste_Voltimetro.dir/Users/lamparina/.pico-sdk/sdk/2.1.0/src/rp2_common/pico_clib_interface/newlib_interface.c.o
 .ARM.attributes
                0x000005f4       0x2c CMakeFiles/Teste_Voltimetro.dir/Users/lamparina/.pico-sdk/sdk/2.1.0/src/rp2_common/pico_stdio/stdio.c.o
 .ARM.attributes
                0x00000620       0x2c CMakeFiles/Teste_Voltimetro.dir/Users/lamparina/.pico-sdk/sdk/2.1.0/src/rp2_common/pico_unique_id/unique_id.c.o
 .ARM.attributes
                0x0000064c       0x2c CMakeFiles/Teste_Voltimetro.dir/Users/lamparina/.pico-sdk/sdk/2.1.0/src/rp2_common/hardware_flash/flash.c.o
 .ARM.attributes
                0x00000678       0x2c CMakeFiles/Teste_Voltimetro.dir/Users/lamparina/.pico-sdk/sdk/2.1.0/src/rp2_common/hardware_i2c/i2c.c.o
 .ARM.attributes
                0x000006a4       0x2c CMakeFiles/Teste_Voltimetro.dir/Users/lamparina/.pico-sdk/sdk/2.1.0/src/rp2_common/hardware_adc/adc.c.o
 .ARM.attributes
                0x000006d0       0x22 pico-sdk/src/rp2040/boot_stage2/CMakeFiles/bs2_default_library.dir/./bs2_default_padded_checksummed.S.o
 .ARM.attributes
                0x000006f2       0x1e /Users/lamparina/.pico-sdk/toolchain/13_3_Rel1/bin/../lib/gcc/arm-none-eabi/13.3.1/thumb/v6-m/nofp/libgcc.a(_dvmd_tls.o)
 .ARM.attributes
                0x00000710       0x2c /Users/lamparina/.pico-sdk/toolchain/13_3_Rel1/bin/../lib/gcc/arm-none-eabi/13.3.1/../../../../arm-none-eabi/lib/thumb/v6-m/nofp/libg.a(libc_a-calloc.o)
 .ARM.attributes
                0x0000073c       0x2c /Users/lamparina/.pico-sdk/toolchain/13_3_Rel1/bin/../lib/gcc/arm-none-eabi/13.3.1/../../../../arm-none-eabi/lib/thumb/v6-m/nofp/libg.a(libc_a-callocr.o)
 .ARM.attributes
                0x00000768       0x2c /Users/lamparina/.pico-sdk/toolchain/13_3_Rel1/bin/../lib/gcc/arm-none-eabi/13.3.1/../../../../arm-none-eabi/lib/thumb/v6-m/nofp/libg.a(libc_a-mallocr.o)
 .ARM.attributes
                0x00000794       0x2c /Users/lamparina/.pico-sdk/toolchain/13_3_Rel1/bin/../lib/gcc/arm-none-eabi/13.3.1/../../../../arm-none-eabi/lib/thumb/v6-m/nofp/libg.a(libc_a-mlock.o)
 .ARM.attributes
                0x000007c0       0x2c /Users/lamparina/.pico-sdk/toolchain/13_3_Rel1/bin/../lib/gcc/arm-none-eabi/13.3.1/../../../../arm-none-eabi/lib/thumb/v6-m/nofp/libg.a(libc_a-impure.o)
 .ARM.attributes
                0x000007ec       0x2c /Users/lamparina/.pico-sdk/toolchain/13_3_Rel1/bin/../lib/gcc/arm-none-eabi/13.3.1/../../../../arm-none-eabi/lib/thumb/v6-m/nofp/libg.a(libc_a-sbrkr.o)
 .ARM.attributes
                0x00000818       0x2c /Users/lamparina/.pico-sdk/toolchain/13_3_Rel1/bin/../lib/gcc/arm-none-eabi/13.3.1/../../../../arm-none-eabi/lib/thumb/v6-m/nofp/libg.a(libc_a-errno.o)
 .ARM.attributes
                0x00000844       0x2c /Users/lamparina/.pico-sdk/toolchain/13_3_Rel1/bin/../lib/gcc/arm-none-eabi/13.3.1/../../../../arm-none-eabi/lib/thumb/v6-m/nofp/libg.a(libc_a-sysconf.o)
 .ARM.attributes
                0x00000870       0x2c /Users/lamparina/.pico-sdk/toolchain/13_3_Rel1/bin/../lib/gcc/arm-none-eabi/13.3.1/../../../../arm-none-eabi/lib/thumb/v6-m/nofp/libg.a(libc_a-strcpy.o)
 .ARM.attributes
                0x0000089c       0x2c /Users/lamparina/.pico-sdk/toolchain/13_3_Rel1/bin/../lib/gcc/arm-none-eabi/13.3.1/../../../../arm-none-eabi/lib/thumb/v6-m/nofp/libg.a(libc_a-lock.o)
 .ARM.attributes
                0x000008c8       0x2c /Users/lamparina/.pico-sdk/toolchain/13_3_Rel1/bin/../lib/gcc/arm-none-eabi/13.3.1/../../../../arm-none-eabi/lib/thumb/v6-m/nofp/libg.a(libc_a-strlen-stub.o)
 .ARM.attributes
                0x000008f4       0x2c /Users/lamparina/.pico-sdk/toolchain/13_3_Rel1/bin/../lib/gcc/arm-none-eabi/13.3.1/../../../../arm-none-eabi/lib/thumb/v6-m/nofp/libg.a(libc_a-freer.o)
 .ARM.attributes
                0x00000920       0x2c /Users/lamparina/.pico-sdk/toolchain/13_3_Rel1/bin/../lib/gcc/arm-none-eabi/13.3.1/../../../../arm-none-eabi/lib/thumb/v6-m/nofp/libg.a(libc_a-findfp.o)
 .ARM.attributes
                0x0000094c       0x2c /Users/lamparina/.pico-sdk/toolchain/13_3_Rel1/bin/../lib/gcc/arm-none-eabi/13.3.1/../../../../arm-none-eabi/lib/thumb/v6-m/nofp/libg.a(libc_a-reent.o)
 .ARM.attributes
                0x00000978       0x2c /Users/lamparina/.pico-sdk/toolchain/13_3_Rel1/bin/../lib/gcc/arm-none-eabi/13.3.1/thumb/v6-m/nofp/crtend.o

.comment        0x00000000       0x45
 .comment       0x00000000       0x45 CMakeFiles/Teste_Voltimetro.dir/Ohmimetro01.c.o
                                 0x46 (size before relaxing)
 .comment       0x00000045       0x46 CMakeFiles/Teste_Voltimetro.dir/lib/ssd1306.c.o
 .comment       0x00000045       0x46 CMakeFiles/Teste_Voltimetro.dir/Users/lamparina/.pico-sdk/sdk/2.1.0/src/rp2_common/hardware_gpio/gpio.c.o
 .comment       0x00000045       0x46 CMakeFiles/Teste_Voltimetro.dir/Users/lamparina/.pico-sdk/sdk/2.1.0/src/rp2_common/pico_platform_panic/panic.c.o
 .comment       0x00000045       0x46 CMakeFiles/Teste_Voltimetro.dir/Users/lamparina/.pico-sdk/sdk/2.1.0/src/common/hardware_claim/claim.c.o
 .comment       0x00000045       0x46 CMakeFiles/Teste_Voltimetro.dir/Users/lamparina/.pico-sdk/sdk/2.1.0/src/rp2_common/hardware_sync/sync.c.o
 .comment       0x00000045       0x46 CMakeFiles/Teste_Voltimetro.dir/Users/lamparina/.pico-sdk/sdk/2.1.0/src/rp2_common/hardware_sync_spin_lock/sync_spin_lock.c.o
 .comment       0x00000045       0x46 CMakeFiles/Teste_Voltimetro.dir/Users/lamparina/.pico-sdk/sdk/2.1.0/src/rp2_common/hardware_irq/irq.c.o
 .comment       0x00000045       0x46 CMakeFiles/Teste_Voltimetro.dir/Users/lamparina/.pico-sdk/sdk/2.1.0/src/common/pico_sync/lock_core.c.o
 .comment       0x00000045       0x46 CMakeFiles/Teste_Voltimetro.dir/Users/lamparina/.pico-sdk/sdk/2.1.0/src/common/pico_sync/mutex.c.o
 .comment       0x00000045       0x46 CMakeFiles/Teste_Voltimetro.dir/Users/lamparina/.pico-sdk/sdk/2.1.0/src/common/pico_time/time.c.o
 .comment       0x00000045       0x46 CMakeFiles/Teste_Voltimetro.dir/Users/lamparina/.pico-sdk/sdk/2.1.0/src/rp2_common/hardware_timer/timer.c.o
 .comment       0x00000045       0x46 CMakeFiles/Teste_Voltimetro.dir/Users/lamparina/.pico-sdk/sdk/2.1.0/src/rp2_common/hardware_clocks/clocks.c.o
 .comment       0x00000045       0x46 CMakeFiles/Teste_Voltimetro.dir/Users/lamparina/.pico-sdk/sdk/2.1.0/src/rp2_common/hardware_pll/pll.c.o
 .comment       0x00000045       0x46 CMakeFiles/Teste_Voltimetro.dir/Users/lamparina/.pico-sdk/sdk/2.1.0/src/rp2_common/hardware_ticks/ticks.c.o
 .comment       0x00000045       0x46 CMakeFiles/Teste_Voltimetro.dir/Users/lamparina/.pico-sdk/sdk/2.1.0/src/rp2_common/pico_bootrom/bootrom.c.o
 .comment       0x00000045       0x46 CMakeFiles/Teste_Voltimetro.dir/Users/lamparina/.pico-sdk/sdk/2.1.0/src/rp2_common/hardware_xosc/xosc.c.o
 .comment       0x00000045       0x46 CMakeFiles/Teste_Voltimetro.dir/Users/lamparina/.pico-sdk/sdk/2.1.0/src/rp2_common/pico_runtime/runtime.c.o
 .comment       0x00000045       0x46 CMakeFiles/Teste_Voltimetro.dir/Users/lamparina/.pico-sdk/sdk/2.1.0/src/rp2_common/pico_runtime_init/runtime_init.c.o
 .comment       0x00000045       0x46 CMakeFiles/Teste_Voltimetro.dir/Users/lamparina/.pico-sdk/sdk/2.1.0/src/rp2_common/pico_runtime_init/runtime_init_clocks.c.o
 .comment       0x00000045       0x46 CMakeFiles/Teste_Voltimetro.dir/Users/lamparina/.pico-sdk/sdk/2.1.0/src/rp2_common/pico_double/double_init_rom_rp2040.c.o
 .comment       0x00000045       0x46 CMakeFiles/Teste_Voltimetro.dir/Users/lamparina/.pico-sdk/sdk/2.1.0/src/rp2_common/pico_float/float_init_rom_rp2040.c.o
 .comment       0x00000045       0x46 CMakeFiles/Teste_Voltimetro.dir/Users/lamparina/.pico-sdk/sdk/2.1.0/src/rp2_common/pico_malloc/malloc.c.o
 .comment       0x00000045       0x46 CMakeFiles/Teste_Voltimetro.dir/Users/lamparina/.pico-sdk/sdk/2.1.0/src/rp2_common/pico_standard_binary_info/standard_binary_info.c.o
 .comment       0x00000045       0x46 CMakeFiles/Teste_Voltimetro.dir/Users/lamparina/.pico-sdk/sdk/2.1.0/src/rp2_common/pico_printf/printf.c.o
 .comment       0x00000045       0x46 CMakeFiles/Teste_Voltimetro.dir/Users/lamparina/.pico-sdk/sdk/2.1.0/src/rp2_common/pico_clib_interface/newlib_interface.c.o
 .comment       0x00000045       0x46 CMakeFiles/Teste_Voltimetro.dir/Users/lamparina/.pico-sdk/sdk/2.1.0/src/rp2_common/pico_stdio/stdio.c.o
 .comment       0x00000045       0x46 CMakeFiles/Teste_Voltimetro.dir/Users/lamparina/.pico-sdk/sdk/2.1.0/src/rp2_common/pico_unique_id/unique_id.c.o
 .comment       0x00000045       0x46 CMakeFiles/Teste_Voltimetro.dir/Users/lamparina/.pico-sdk/sdk/2.1.0/src/rp2_common/hardware_flash/flash.c.o
 .comment       0x00000045       0x46 CMakeFiles/Teste_Voltimetro.dir/Users/lamparina/.pico-sdk/sdk/2.1.0/src/rp2_common/hardware_i2c/i2c.c.o
 .comment       0x00000045       0x46 CMakeFiles/Teste_Voltimetro.dir/Users/lamparina/.pico-sdk/sdk/2.1.0/src/rp2_common/hardware_adc/adc.c.o

.debug_info     0x00000000    0x201e5
 .debug_info    0x00000000     0x1d5e CMakeFiles/Teste_Voltimetro.dir/Ohmimetro01.c.o
 .debug_info    0x00001d5e     0x1b27 CMakeFiles/Teste_Voltimetro.dir/lib/ssd1306.c.o
 .debug_info    0x00003885     0x2437 CMakeFiles/Teste_Voltimetro.dir/Users/lamparina/.pico-sdk/sdk/2.1.0/src/rp2_common/hardware_gpio/gpio.c.o
 .debug_info    0x00005cbc      0x1bf CMakeFiles/Teste_Voltimetro.dir/Users/lamparina/.pico-sdk/sdk/2.1.0/src/rp2_common/pico_platform_panic/panic.c.o
 .debug_info    0x00005e7b      0x995 CMakeFiles/Teste_Voltimetro.dir/Users/lamparina/.pico-sdk/sdk/2.1.0/src/common/hardware_claim/claim.c.o
 .debug_info    0x00006810      0x458 CMakeFiles/Teste_Voltimetro.dir/Users/lamparina/.pico-sdk/sdk/2.1.0/src/rp2_common/hardware_sync/sync.c.o
 .debug_info    0x00006c68      0x245 CMakeFiles/Teste_Voltimetro.dir/Users/lamparina/.pico-sdk/sdk/2.1.0/src/rp2_common/hardware_sync_spin_lock/sync_spin_lock.c.o
 .debug_info    0x00006ead     0x21a8 CMakeFiles/Teste_Voltimetro.dir/Users/lamparina/.pico-sdk/sdk/2.1.0/src/rp2_common/hardware_irq/irq.c.o
 .debug_info    0x00009055      0x15f CMakeFiles/Teste_Voltimetro.dir/Users/lamparina/.pico-sdk/sdk/2.1.0/src/common/pico_sync/lock_core.c.o
 .debug_info    0x000091b4     0x2803 CMakeFiles/Teste_Voltimetro.dir/Users/lamparina/.pico-sdk/sdk/2.1.0/src/common/pico_sync/mutex.c.o
 .debug_info    0x0000b9b7     0x485e CMakeFiles/Teste_Voltimetro.dir/Users/lamparina/.pico-sdk/sdk/2.1.0/src/common/pico_time/time.c.o
 .debug_info    0x00010215     0x2b11 CMakeFiles/Teste_Voltimetro.dir/Users/lamparina/.pico-sdk/sdk/2.1.0/src/rp2_common/hardware_timer/timer.c.o
 .debug_info    0x00012d26     0x2935 CMakeFiles/Teste_Voltimetro.dir/Users/lamparina/.pico-sdk/sdk/2.1.0/src/rp2_common/hardware_clocks/clocks.c.o